###############################################################
#  Generated by:      Cadence Tempus 20.10-p003_1
#  OS:                Linux x86_64(Host ID edatools-server1.iiitd.edu.in)
#  Generated on:      Tue Sep 15 16:41:57 2026
#  Design:            simple_mac
#  Command:           report_timing -early -nworst 10                                         >> ../sta_report/hold.rpt
###############################################################
Path 1: VIOLATED Hold Check with Pin state_reg[0]/CK 
Endpoint:   state_reg[0]/D (v) checked with  leading edge of 'clk'
Beginpoint: state_reg[0]/Q (^) triggered by  leading edge of 'clk'
Path Groups: {clk}
Other End Arrival Time          0.000
+ Hold                          0.105
+ Phase Shift                   0.000
+ Uncertainty                   0.200
= Required Time                 0.305
  Arrival Time                  0.126
  Slack Time                   -0.179
     Clock Rise Edge                 0.000
     + Clock Network Latency (Ideal) 0.000
     = Beginpoint Arrival Time       0.000
      ------------------------------------------------------------
      Instance      Arc          Cell     Delay  Arrival  Required  
                                                 Time     Time  
      ------------------------------------------------------------
      state_reg[0]  CK ^         -        -      0.000    0.179  
      state_reg[0]  CK ^ -> Q ^  DFFRX4   0.105  0.105    0.285  
      g873          A0 ^ -> Y v  OAI21X2  0.021  0.126    0.305  
      state_reg[0]  D v          DFFRX4   0.000  0.126    0.305  
      ------------------------------------------------------------
Path 2: VIOLATED Hold Check with Pin busy_reg/CK 
Endpoint:   busy_reg/D     (v) checked with  leading edge of 'clk'
Beginpoint: state_reg[0]/Q (v) triggered by  leading edge of 'clk'
Path Groups: {clk}
Other End Arrival Time          0.000
+ Hold                          0.104
+ Phase Shift                   0.000
+ Uncertainty                   0.200
= Required Time                 0.304
  Arrival Time                  0.131
  Slack Time                   -0.173
     Clock Rise Edge                 0.000
     + Clock Network Latency (Ideal) 0.000
     = Beginpoint Arrival Time       0.000
      ------------------------------------------------------------
      Instance      Arc          Cell     Delay  Arrival  Required  
                                                 Time     Time  
      ------------------------------------------------------------
      state_reg[0]  CK ^         -        -      0.000    0.173  
      state_reg[0]  CK ^ -> Q v  DFFRX4   0.098  0.098    0.271  
      g879          B v -> Y ^   NAND2X8  0.017  0.115    0.288  
      g872          B ^ -> Y v   NAND2X1  0.016  0.131    0.304  
      busy_reg      D v          DFFRX4   0.000  0.131    0.304  
      ------------------------------------------------------------
Path 3: VIOLATED Hold Check with Pin acc_out_reg[8]/CK 
Endpoint:   acc_out_reg[8]/D  (v) checked with  leading edge of 'clk'
Beginpoint: acc_out_reg[8]/QN (^) triggered by  leading edge of 'clk'
Path Groups: {clk}
Other End Arrival Time          0.000
+ Hold                          0.103
+ Phase Shift                   0.000
+ Uncertainty                   0.200
= Required Time                 0.303
  Arrival Time                  0.134
  Slack Time                   -0.170
     Clock Rise Edge                 0.000
     + Clock Network Latency (Ideal) 0.000
     = Beginpoint Arrival Time       0.000
      ---------------------------------------------------------------
      Instance        Arc           Cell     Delay  Arrival  Required  
                                                    Time     Time  
      ---------------------------------------------------------------
      acc_out_reg[8]  CK ^          -        -      0.000    0.170  
      acc_out_reg[8]  CK ^ -> QN ^  DFFRX4   0.111  0.111    0.281  
      g854            A0 ^ -> Y v   OAI22X2  0.023  0.134    0.303  
      acc_out_reg[8]  D v           DFFRX4   0.000  0.134    0.303  
      ---------------------------------------------------------------
Path 4: VIOLATED Hold Check with Pin acc_out_reg[7]/CK 
Endpoint:   acc_out_reg[7]/D  (v) checked with  leading edge of 'clk'
Beginpoint: acc_out_reg[7]/QN (^) triggered by  leading edge of 'clk'
Path Groups: {clk}
Other End Arrival Time          0.000
+ Hold                          0.103
+ Phase Shift                   0.000
+ Uncertainty                   0.200
= Required Time                 0.303
  Arrival Time                  0.134
  Slack Time                   -0.170
     Clock Rise Edge                 0.000
     + Clock Network Latency (Ideal) 0.000
     = Beginpoint Arrival Time       0.000
      ---------------------------------------------------------------
      Instance        Arc           Cell     Delay  Arrival  Required  
                                                    Time     Time  
      ---------------------------------------------------------------
      acc_out_reg[7]  CK ^          -        -      0.000    0.170  
      acc_out_reg[7]  CK ^ -> QN ^  DFFRX4   0.111  0.111    0.281  
      g853            A0 ^ -> Y v   OAI22X2  0.023  0.134    0.303  
      acc_out_reg[7]  D v           DFFRX4   0.000  0.134    0.303  
      ---------------------------------------------------------------
Path 5: VIOLATED Hold Check with Pin acc_out_reg[13]/CK 
Endpoint:   acc_out_reg[13]/D  (v) checked with  leading edge of 'clk'
Beginpoint: acc_out_reg[13]/QN (^) triggered by  leading edge of 'clk'
Path Groups: {clk}
Other End Arrival Time          0.000
+ Hold                          0.103
+ Phase Shift                   0.000
+ Uncertainty                   0.200
= Required Time                 0.303
  Arrival Time                  0.134
  Slack Time                   -0.170
     Clock Rise Edge                 0.000
     + Clock Network Latency (Ideal) 0.000
     = Beginpoint Arrival Time       0.000
      ----------------------------------------------------------------
      Instance         Arc           Cell     Delay  Arrival  Required  
                                                     Time     Time  
      ----------------------------------------------------------------
      acc_out_reg[13]  CK ^          -        -      0.000    0.170  
      acc_out_reg[13]  CK ^ -> QN ^  DFFRX4   0.111  0.111    0.281  
      g859             A0 ^ -> Y v   OAI22X2  0.023  0.134    0.303  
      acc_out_reg[13]  D v           DFFRX4   0.000  0.134    0.303  
      ----------------------------------------------------------------
Path 6: VIOLATED Hold Check with Pin acc_out_reg[10]/CK 
Endpoint:   acc_out_reg[10]/D  (v) checked with  leading edge of 'clk'
Beginpoint: acc_out_reg[10]/QN (^) triggered by  leading edge of 'clk'
Path Groups: {clk}
Other End Arrival Time          0.000
+ Hold                          0.103
+ Phase Shift                   0.000
+ Uncertainty                   0.200
= Required Time                 0.303
  Arrival Time                  0.134
  Slack Time                   -0.170
     Clock Rise Edge                 0.000
     + Clock Network Latency (Ideal) 0.000
     = Beginpoint Arrival Time       0.000
      ----------------------------------------------------------------
      Instance         Arc           Cell     Delay  Arrival  Required  
                                                     Time     Time  
      ----------------------------------------------------------------
      acc_out_reg[10]  CK ^          -        -      0.000    0.170  
      acc_out_reg[10]  CK ^ -> QN ^  DFFRX4   0.111  0.111    0.281  
      g856             A0 ^ -> Y v   OAI22X2  0.023  0.134    0.303  
      acc_out_reg[10]  D v           DFFRX4   0.000  0.134    0.303  
      ----------------------------------------------------------------
Path 7: VIOLATED Hold Check with Pin acc_out_reg[12]/CK 
Endpoint:   acc_out_reg[12]/D  (v) checked with  leading edge of 'clk'
Beginpoint: acc_out_reg[12]/QN (^) triggered by  leading edge of 'clk'
Path Groups: {clk}
Other End Arrival Time          0.000
+ Hold                          0.103
+ Phase Shift                   0.000
+ Uncertainty                   0.200
= Required Time                 0.303
  Arrival Time                  0.134
  Slack Time                   -0.170
     Clock Rise Edge                 0.000
     + Clock Network Latency (Ideal) 0.000
     = Beginpoint Arrival Time       0.000
      ----------------------------------------------------------------
      Instance         Arc           Cell     Delay  Arrival  Required  
                                                     Time     Time  
      ----------------------------------------------------------------
      acc_out_reg[12]  CK ^          -        -      0.000    0.170  
      acc_out_reg[12]  CK ^ -> QN ^  DFFRX4   0.111  0.111    0.281  
      g858             A0 ^ -> Y v   OAI22X2  0.023  0.134    0.303  
      acc_out_reg[12]  D v           DFFRX4   0.000  0.134    0.303  
      ----------------------------------------------------------------
Path 8: VIOLATED Hold Check with Pin acc_out_reg[11]/CK 
Endpoint:   acc_out_reg[11]/D  (v) checked with  leading edge of 'clk'
Beginpoint: acc_out_reg[11]/QN (^) triggered by  leading edge of 'clk'
Path Groups: {clk}
Other End Arrival Time          0.000
+ Hold                          0.103
+ Phase Shift                   0.000
+ Uncertainty                   0.200
= Required Time                 0.303
  Arrival Time                  0.134
  Slack Time                   -0.170
     Clock Rise Edge                 0.000
     + Clock Network Latency (Ideal) 0.000
     = Beginpoint Arrival Time       0.000
      ----------------------------------------------------------------
      Instance         Arc           Cell     Delay  Arrival  Required  
                                                     Time     Time  
      ----------------------------------------------------------------
      acc_out_reg[11]  CK ^          -        -      0.000    0.170  
      acc_out_reg[11]  CK ^ -> QN ^  DFFRX4   0.111  0.111    0.281  
      g857             A0 ^ -> Y v   OAI22X2  0.023  0.134    0.303  
      acc_out_reg[11]  D v           DFFRX4   0.000  0.134    0.303  
      ----------------------------------------------------------------
Path 9: VIOLATED Hold Check with Pin acc_out_reg[9]/CK 
Endpoint:   acc_out_reg[9]/D  (v) checked with  leading edge of 'clk'
Beginpoint: acc_out_reg[9]/QN (^) triggered by  leading edge of 'clk'
Path Groups: {clk}
Other End Arrival Time          0.000
+ Hold                          0.103
+ Phase Shift                   0.000
+ Uncertainty                   0.200
= Required Time                 0.303
  Arrival Time                  0.134
  Slack Time                   -0.170
     Clock Rise Edge                 0.000
     + Clock Network Latency (Ideal) 0.000
     = Beginpoint Arrival Time       0.000
      ---------------------------------------------------------------
      Instance        Arc           Cell     Delay  Arrival  Required  
                                                    Time     Time  
      ---------------------------------------------------------------
      acc_out_reg[9]  CK ^          -        -      0.000    0.170  
      acc_out_reg[9]  CK ^ -> QN ^  DFFRX4   0.111  0.111    0.281  
      g855            A0 ^ -> Y v   OAI22X2  0.023  0.134    0.303  
      acc_out_reg[9]  D v           DFFRX4   0.000  0.134    0.303  
      ---------------------------------------------------------------
Path 10: VIOLATED Hold Check with Pin acc_out_reg[4]/CK 
Endpoint:   acc_out_reg[4]/D  (v) checked with  leading edge of 'clk'
Beginpoint: acc_out_reg[4]/QN (^) triggered by  leading edge of 'clk'
Path Groups: {clk}
Other End Arrival Time          0.000
+ Hold                          0.103
+ Phase Shift                   0.000
+ Uncertainty                   0.200
= Required Time                 0.303
  Arrival Time                  0.134
  Slack Time                   -0.170
     Clock Rise Edge                 0.000
     + Clock Network Latency (Ideal) 0.000
     = Beginpoint Arrival Time       0.000
      ---------------------------------------------------------------
      Instance        Arc           Cell     Delay  Arrival  Required  
                                                    Time     Time  
      ---------------------------------------------------------------
      acc_out_reg[4]  CK ^          -        -      0.000    0.170  
      acc_out_reg[4]  CK ^ -> QN ^  DFFRX4   0.111  0.111    0.281  
      g864            A0 ^ -> Y v   OAI22X2  0.023  0.134    0.303  
      acc_out_reg[4]  D v           DFFRX4   0.000  0.134    0.303  
      ---------------------------------------------------------------

