###############################################################
#  Generated by:      Cadence Tempus 20.10-p003_1
#  OS:                Linux x86_64(Host ID edatools-server1.iiitd.edu.in)
#  Generated on:      Tue Sep 15 16:41:57 2026
#  Design:            simple_mac
#  Command:           report_timing -late  -nworst 10                                         >> ../sta_report/setup.rpt
###############################################################
Path 1: VIOLATED Setup Check with Pin mult_result_reg[15]/CK 
Endpoint:   mult_result_reg[15]/SI (^) checked with  leading edge of 'clk'
Beginpoint: coef_sel[0]            (^) triggered by  leading edge of 'clk'
Path Groups: {clk}
Other End Arrival Time          0.000
- Setup                         0.174
+ Phase Shift                   5.000
- Uncertainty                   0.200
= Required Time                 4.626
- Arrival Time                  4.628
= Slack Time                   -0.001
     Clock Rise Edge                      0.000
     + Input Delay                        1.500
     = Beginpoint Arrival Time            1.500
      -----------------------------------------------------------------------
      Instance             Arc            Cell       Delay  Arrival  Required  
                                                            Time     Time  
      -----------------------------------------------------------------------
      -                    coef_sel[0] ^  -          -      1.500    1.499  
      g736                 A ^ -> Y v     NOR2X8     0.038  1.538    1.536  
      g723                 A1 v -> Y ^    AOI22X4    0.075  1.613    1.612  
      g711                 A ^ -> Y v     NAND2X4    0.172  1.785    1.784  
      mul_58_40/g4158      A v -> Y ^     CLKINVX2   0.241  2.026    2.025  
      mul_58_40/g4201      A ^ -> Y ^     CLKMX2X12  0.420  2.446    2.445  
      mul_58_40/g4040      B ^ -> Y v     NAND2X8    0.105  2.551    2.550  
      mul_58_40/g3988      A1 v -> Y ^    OAI22X4    0.086  2.637    2.636  
      mul_58_40/g3917      B ^ -> Y v     XNOR3X1    0.281  2.918    2.917  
      mul_58_40/g3839      B v -> CO v    ADDFHX2    0.196  3.115    3.114  
      mul_58_40/g3838      CI v -> CO v   ADDFHX2    0.174  3.289    3.287  
      mul_58_40/g3837      A v -> Y ^     CLKINVX3   0.040  3.328    3.327  
      mul_58_40/g3836      B ^ -> Y v     NOR2X2     0.035  3.363    3.362  
      mul_58_40/g3832      B1 v -> Y ^    OAI2BB2X4  0.059  3.422    3.421  
      mul_58_40/g3828      B1 ^ -> Y v    OAI222X4   0.155  3.578    3.577  
      mul_58_40/g3826      CI v -> CO v   ADDFHX1    0.200  3.778    3.776  
      mul_58_40/g3825      CI v -> CO v   ADDFHX1    0.175  3.952    3.951  
      mul_58_40/g3824      CI v -> CO v   ADDFHX1    0.175  4.127    4.126  
      mul_58_40/g3823      CI v -> CO v   ADDFHX1    0.175  4.302    4.301  
      mul_58_40/g3822      CI v -> CO v   ADDFHX1    0.168  4.470    4.469  
      mul_58_40/g4181      C v -> Y ^     XOR3XL     0.158  4.628    4.626  
      mult_result_reg[15]  SI ^           SDFFRHQX2  0.000  4.628    4.626  
      -----------------------------------------------------------------------
Path 2: MET Setup Check with Pin mult_result_reg[15]/CK 
Endpoint:   mult_result_reg[15]/SI (^) checked with  leading edge of 'clk'
Beginpoint: coef_sel[1]            (^) triggered by  leading edge of 'clk'
Path Groups: {clk}
Other End Arrival Time          0.000
- Setup                         0.174
+ Phase Shift                   5.000
- Uncertainty                   0.200
= Required Time                 4.626
- Arrival Time                  4.623
= Slack Time                    0.003
     Clock Rise Edge                      0.000
     + Input Delay                        1.500
     = Beginpoint Arrival Time            1.500
      -----------------------------------------------------------------------
      Instance             Arc            Cell       Delay  Arrival  Required  
                                                            Time     Time  
      -----------------------------------------------------------------------
      -                    coef_sel[1] ^  -          -      1.500    1.503  
      g736                 B ^ -> Y v     NOR2X8     0.033  1.533    1.536  
      g723                 A1 v -> Y ^    AOI22X4    0.075  1.609    1.612  
      g711                 A ^ -> Y v     NAND2X4    0.172  1.781    1.784  
      mul_58_40/g4158      A v -> Y ^     CLKINVX2   0.241  2.021    2.025  
      mul_58_40/g4201      A ^ -> Y ^     CLKMX2X12  0.420  2.442    2.445  
      mul_58_40/g4040      B ^ -> Y v     NAND2X8    0.105  2.547    2.550  
      mul_58_40/g3988      A1 v -> Y ^    OAI22X4    0.086  2.633    2.636  
      mul_58_40/g3917      B ^ -> Y v     XNOR3X1    0.281  2.914    2.917  
      mul_58_40/g3839      B v -> CO v    ADDFHX2    0.196  3.110    3.114  
      mul_58_40/g3838      CI v -> CO v   ADDFHX2    0.174  3.284    3.287  
      mul_58_40/g3837      A v -> Y ^     CLKINVX3   0.040  3.324    3.327  
      mul_58_40/g3836      B ^ -> Y v     NOR2X2     0.035  3.358    3.362  
      mul_58_40/g3832      B1 v -> Y ^    OAI2BB2X4  0.059  3.418    3.421  
      mul_58_40/g3828      B1 ^ -> Y v    OAI222X4   0.155  3.573    3.577  
      mul_58_40/g3826      CI v -> CO v   ADDFHX1    0.200  3.773    3.776  
      mul_58_40/g3825      CI v -> CO v   ADDFHX1    0.175  3.948    3.951  
      mul_58_40/g3824      CI v -> CO v   ADDFHX1    0.175  4.123    4.126  
      mul_58_40/g3823      CI v -> CO v   ADDFHX1    0.175  4.298    4.301  
      mul_58_40/g3822      CI v -> CO v   ADDFHX1    0.168  4.465    4.469  
      mul_58_40/g4181      C v -> Y ^     XOR3XL     0.158  4.623    4.626  
      mult_result_reg[15]  SI ^           SDFFRHQX2  0.000  4.623    4.626  
      -----------------------------------------------------------------------
Path 3: MET Setup Check with Pin mult_result_reg[15]/CK 
Endpoint:   mult_result_reg[15]/SI (^) checked with  leading edge of 'clk'
Beginpoint: coef_sel[0]            (v) triggered by  leading edge of 'clk'
Path Groups: {clk}
Other End Arrival Time          0.000
- Setup                         0.174
+ Phase Shift                   5.000
- Uncertainty                   0.200
= Required Time                 4.626
- Arrival Time                  4.622
= Slack Time                    0.005
     Clock Rise Edge                      0.000
     + Input Delay                        1.500
     = Beginpoint Arrival Time            1.500
      -----------------------------------------------------------------------
      Instance             Arc            Cell       Delay  Arrival  Required  
                                                            Time     Time  
      -----------------------------------------------------------------------
      -                    coef_sel[0] v  -          -      1.500    1.505  
      g752                 A v -> Y ^     CLKINVX8   0.014  1.514    1.519  
      g741                 B ^ -> Y v     NOR2X8     0.038  1.552    1.557  
      g723                 B1 v -> Y ^    AOI22X4    0.055  1.607    1.612  
      g711                 A ^ -> Y v     NAND2X4    0.172  1.779    1.784  
      mul_58_40/g4158      A v -> Y ^     CLKINVX2   0.241  2.020    2.025  
      mul_58_40/g4201      A ^ -> Y ^     CLKMX2X12  0.420  2.440    2.445  
      mul_58_40/g4040      B ^ -> Y v     NAND2X8    0.105  2.545    2.550  
      mul_58_40/g3988      A1 v -> Y ^    OAI22X4    0.086  2.632    2.636  
      mul_58_40/g3917      B ^ -> Y v     XNOR3X1    0.281  2.913    2.917  
      mul_58_40/g3839      B v -> CO v    ADDFHX2    0.196  3.109    3.114  
      mul_58_40/g3838      CI v -> CO v   ADDFHX2    0.174  3.283    3.287  
      mul_58_40/g3837      A v -> Y ^     CLKINVX3   0.040  3.322    3.327  
      mul_58_40/g3836      B ^ -> Y v     NOR2X2     0.035  3.357    3.362  
      mul_58_40/g3832      B1 v -> Y ^    OAI2BB2X4  0.059  3.417    3.421  
      mul_58_40/g3828      B1 ^ -> Y v    OAI222X4   0.155  3.572    3.577  
      mul_58_40/g3826      CI v -> CO v   ADDFHX1    0.200  3.772    3.776  
      mul_58_40/g3825      CI v -> CO v   ADDFHX1    0.175  3.946    3.951  
      mul_58_40/g3824      CI v -> CO v   ADDFHX1    0.175  4.121    4.126  
      mul_58_40/g3823      CI v -> CO v   ADDFHX1    0.175  4.296    4.301  
      mul_58_40/g3822      CI v -> CO v   ADDFHX1    0.168  4.464    4.469  
      mul_58_40/g4181      C v -> Y ^     XOR3XL     0.158  4.622    4.626  
      mult_result_reg[15]  SI ^           SDFFRHQX2  0.000  4.622    4.626  
      -----------------------------------------------------------------------
Path 4: MET Setup Check with Pin mult_result_reg[15]/CK 
Endpoint:   mult_result_reg[15]/SI (^) checked with  leading edge of 'clk'
Beginpoint: coef_sel[1]            (v) triggered by  leading edge of 'clk'
Path Groups: {clk}
Other End Arrival Time          0.000
- Setup                         0.174
+ Phase Shift                   5.000
- Uncertainty                   0.200
= Required Time                 4.626
- Arrival Time                  4.616
= Slack Time                    0.010
     Clock Rise Edge                      0.000
     + Input Delay                        1.500
     = Beginpoint Arrival Time            1.500
      -----------------------------------------------------------------------
      Instance             Arc            Cell       Delay  Arrival  Required  
                                                            Time     Time  
      -----------------------------------------------------------------------
      -                    coef_sel[1] v  -          -      1.500    1.510  
      g744                 A v -> Y ^     CLKINVX8   0.014  1.514    1.525  
      g740                 B ^ -> Y v     NOR2X8     0.038  1.552    1.563  
      g726                 A1 v -> Y ^    AOI21X4    0.061  1.613    1.624  
      g711                 B ^ -> Y v     NAND2X4    0.160  1.774    1.784  
      mul_58_40/g4158      A v -> Y ^     CLKINVX2   0.241  2.014    2.025  
      mul_58_40/g4201      A ^ -> Y ^     CLKMX2X12  0.420  2.434    2.445  
      mul_58_40/g4040      B ^ -> Y v     NAND2X8    0.105  2.539    2.550  
      mul_58_40/g3988      A1 v -> Y ^    OAI22X4    0.086  2.626    2.636  
      mul_58_40/g3917      B ^ -> Y v     XNOR3X1    0.281  2.907    2.917  
      mul_58_40/g3839      B v -> CO v    ADDFHX2    0.196  3.103    3.114  
      mul_58_40/g3838      CI v -> CO v   ADDFHX2    0.174  3.277    3.287  
      mul_58_40/g3837      A v -> Y ^     CLKINVX3   0.040  3.316    3.327  
      mul_58_40/g3836      B ^ -> Y v     NOR2X2     0.035  3.351    3.362  
      mul_58_40/g3832      B1 v -> Y ^    OAI2BB2X4  0.059  3.411    3.421  
      mul_58_40/g3828      B1 ^ -> Y v    OAI222X4   0.155  3.566    3.577  
      mul_58_40/g3826      CI v -> CO v   ADDFHX1    0.200  3.766    3.776  
      mul_58_40/g3825      CI v -> CO v   ADDFHX1    0.175  3.941    3.951  
      mul_58_40/g3824      CI v -> CO v   ADDFHX1    0.175  4.115    4.126  
      mul_58_40/g3823      CI v -> CO v   ADDFHX1    0.175  4.290    4.301  
      mul_58_40/g3822      CI v -> CO v   ADDFHX1    0.168  4.458    4.469  
      mul_58_40/g4181      C v -> Y ^     XOR3XL     0.158  4.616    4.626  
      mult_result_reg[15]  SI ^           SDFFRHQX2  0.000  4.616    4.626  
      -----------------------------------------------------------------------
Path 5: MET Setup Check with Pin mult_result_reg[15]/CK 
Endpoint:   mult_result_reg[15]/SI (^) checked with  leading edge of 'clk'
Beginpoint: coef_sel[0]            (^) triggered by  leading edge of 'clk'
Path Groups: {clk}
Other End Arrival Time          0.000
- Setup                         0.174
+ Phase Shift                   5.000
- Uncertainty                   0.200
= Required Time                 4.626
- Arrival Time                  4.614
= Slack Time                    0.012
     Clock Rise Edge                      0.000
     + Input Delay                        1.500
     = Beginpoint Arrival Time            1.500
      -----------------------------------------------------------------------
      Instance             Arc            Cell       Delay  Arrival  Required  
                                                            Time     Time  
      -----------------------------------------------------------------------
      -                    coef_sel[0] ^  -          -      1.500    1.512  
      g736                 A ^ -> Y v     NOR2X8     0.038  1.538    1.550  
      g723                 A1 v -> Y ^    AOI22X4    0.075  1.613    1.625  
      g711                 A ^ -> Y v     NAND2X4    0.172  1.785    1.797  
      mul_58_40/g4158      A v -> Y ^     CLKINVX2   0.241  2.026    2.038  
      mul_58_40/g4201      A ^ -> Y ^     CLKMX2X12  0.420  2.446    2.458  
      mul_58_40/g4040      B ^ -> Y v     NAND2X8    0.105  2.551    2.563  
      mul_58_40/g4035      A v -> Y ^     CLKINVX3   0.072  2.623    2.635  
      mul_58_40/g3997      A1 ^ -> Y v    AOI22X4    0.081  2.704    2.716  
      mul_58_40/g3903      B v -> S ^     ADDFHX1    0.288  2.992    3.004  
      mul_58_40/g3895      A ^ -> Y v     CLKINVX4   0.045  3.038    3.050  
      mul_58_40/g4186      A v -> Y ^     MXI2X1     0.134  3.171    3.183  
      mul_58_40/g3849      B ^ -> Y ^     CLKAND2X3  0.138  3.310    3.322  
      mul_58_40/g3836      A ^ -> Y v     NOR2X2     0.040  3.350    3.362  
      mul_58_40/g3832      B1 v -> Y ^    OAI2BB2X4  0.059  3.409    3.421  
      mul_58_40/g3828      B1 ^ -> Y v    OAI222X4   0.155  3.564    3.577  
      mul_58_40/g3826      CI v -> CO v   ADDFHX1    0.200  3.764    3.776  
      mul_58_40/g3825      CI v -> CO v   ADDFHX1    0.175  3.939    3.951  
      mul_58_40/g3824      CI v -> CO v   ADDFHX1    0.175  4.114    4.126  
      mul_58_40/g3823      CI v -> CO v   ADDFHX1    0.175  4.289    4.301  
      mul_58_40/g3822      CI v -> CO v   ADDFHX1    0.168  4.457    4.469  
      mul_58_40/g4181      C v -> Y ^     XOR3XL     0.158  4.614    4.626  
      mult_result_reg[15]  SI ^           SDFFRHQX2  0.000  4.614    4.626  
      -----------------------------------------------------------------------
Path 6: MET Setup Check with Pin mult_result_reg[15]/CK 
Endpoint:   mult_result_reg[15]/SI (^) checked with  leading edge of 'clk'
Beginpoint: coef_sel[1]            (^) triggered by  leading edge of 'clk'
Path Groups: {clk}
Other End Arrival Time          0.000
- Setup                         0.174
+ Phase Shift                   5.000
- Uncertainty                   0.200
= Required Time                 4.626
- Arrival Time                  4.610
= Slack Time                    0.017
     Clock Rise Edge                      0.000
     + Input Delay                        1.500
     = Beginpoint Arrival Time            1.500
      -----------------------------------------------------------------------
      Instance             Arc            Cell       Delay  Arrival  Required  
                                                            Time     Time  
      -----------------------------------------------------------------------
      -                    coef_sel[1] ^  -          -      1.500    1.517  
      g736                 B ^ -> Y v     NOR2X8     0.033  1.533    1.550  
      g723                 A1 v -> Y ^    AOI22X4    0.075  1.609    1.625  
      g711                 A ^ -> Y v     NAND2X4    0.172  1.781    1.797  
      mul_58_40/g4158      A v -> Y ^     CLKINVX2   0.241  2.021    2.038  
      mul_58_40/g4201      A ^ -> Y ^     CLKMX2X12  0.420  2.442    2.458  
      mul_58_40/g4040      B ^ -> Y v     NAND2X8    0.105  2.547    2.563  
      mul_58_40/g4035      A v -> Y ^     CLKINVX3   0.072  2.618    2.635  
      mul_58_40/g3997      A1 ^ -> Y v    AOI22X4    0.081  2.699    2.716  
      mul_58_40/g3903      B v -> S ^     ADDFHX1    0.288  2.988    3.004  
      mul_58_40/g3895      A ^ -> Y v     CLKINVX4   0.045  3.033    3.050  
      mul_58_40/g4186      A v -> Y ^     MXI2X1     0.134  3.167    3.183  
      mul_58_40/g3849      B ^ -> Y ^     CLKAND2X3  0.138  3.305    3.322  
      mul_58_40/g3836      A ^ -> Y v     NOR2X2     0.040  3.345    3.362  
      mul_58_40/g3832      B1 v -> Y ^    OAI2BB2X4  0.059  3.405    3.421  
      mul_58_40/g3828      B1 ^ -> Y v    OAI222X4   0.155  3.560    3.577  
      mul_58_40/g3826      CI v -> CO v   ADDFHX1    0.200  3.760    3.776  
      mul_58_40/g3825      CI v -> CO v   ADDFHX1    0.175  3.934    3.951  
      mul_58_40/g3824      CI v -> CO v   ADDFHX1    0.175  4.109    4.126  
      mul_58_40/g3823      CI v -> CO v   ADDFHX1    0.175  4.284    4.301  
      mul_58_40/g3822      CI v -> CO v   ADDFHX1    0.168  4.452    4.469  
      mul_58_40/g4181      C v -> Y ^     XOR3XL     0.158  4.610    4.626  
      mult_result_reg[15]  SI ^           SDFFRHQX2  0.000  4.610    4.626  
      -----------------------------------------------------------------------
Path 7: MET Setup Check with Pin mult_result_reg[15]/CK 
Endpoint:   mult_result_reg[15]/SI (^) checked with  leading edge of 'clk'
Beginpoint: coef_sel[0]            (v) triggered by  leading edge of 'clk'
Path Groups: {clk}
Other End Arrival Time          0.000
- Setup                         0.174
+ Phase Shift                   5.000
- Uncertainty                   0.200
= Required Time                 4.626
- Arrival Time                  4.609
= Slack Time                    0.018
     Clock Rise Edge                      0.000
     + Input Delay                        1.500
     = Beginpoint Arrival Time            1.500
      -----------------------------------------------------------------------
      Instance             Arc            Cell       Delay  Arrival  Required  
                                                            Time     Time  
      -----------------------------------------------------------------------
      -                    coef_sel[0] v  -          -      1.500    1.518  
      g752                 A v -> Y ^     CLKINVX8   0.014  1.514    1.532  
      g741                 B ^ -> Y v     NOR2X8     0.038  1.552    1.570  
      g723                 B1 v -> Y ^    AOI22X4    0.055  1.607    1.625  
      g711                 A ^ -> Y v     NAND2X4    0.172  1.779    1.797  
      mul_58_40/g4158      A v -> Y ^     CLKINVX2   0.241  2.020    2.038  
      mul_58_40/g4201      A ^ -> Y ^     CLKMX2X12  0.420  2.440    2.458  
      mul_58_40/g4040      B ^ -> Y v     NAND2X8    0.105  2.545    2.563  
      mul_58_40/g4035      A v -> Y ^     CLKINVX3   0.072  2.617    2.635  
      mul_58_40/g3997      A1 ^ -> Y v    AOI22X4    0.081  2.698    2.716  
      mul_58_40/g3903      B v -> S ^     ADDFHX1    0.288  2.987    3.004  
      mul_58_40/g3895      A ^ -> Y v     CLKINVX4   0.045  3.032    3.050  
      mul_58_40/g4186      A v -> Y ^     MXI2X1     0.134  3.166    3.183  
      mul_58_40/g3849      B ^ -> Y ^     CLKAND2X3  0.138  3.304    3.322  
      mul_58_40/g3836      A ^ -> Y v     NOR2X2     0.040  3.344    3.362  
      mul_58_40/g3832      B1 v -> Y ^    OAI2BB2X4  0.059  3.403    3.421  
      mul_58_40/g3828      B1 ^ -> Y v    OAI222X4   0.155  3.559    3.577  
      mul_58_40/g3826      CI v -> CO v   ADDFHX1    0.200  3.759    3.776  
      mul_58_40/g3825      CI v -> CO v   ADDFHX1    0.175  3.933    3.951  
      mul_58_40/g3824      CI v -> CO v   ADDFHX1    0.175  4.108    4.126  
      mul_58_40/g3823      CI v -> CO v   ADDFHX1    0.175  4.283    4.301  
      mul_58_40/g3822      CI v -> CO v   ADDFHX1    0.168  4.451    4.469  
      mul_58_40/g4181      C v -> Y ^     XOR3XL     0.158  4.609    4.626  
      mult_result_reg[15]  SI ^           SDFFRHQX2  0.000  4.609    4.626  
      -----------------------------------------------------------------------
Path 8: MET Setup Check with Pin mult_result_reg[15]/CK 
Endpoint:   mult_result_reg[15]/SI (^) checked with  leading edge of 'clk'
Beginpoint: coef_sel[0]            (v) triggered by  leading edge of 'clk'
Path Groups: {clk}
Other End Arrival Time          0.000
- Setup                         0.174
+ Phase Shift                   5.000
- Uncertainty                   0.200
= Required Time                 4.626
- Arrival Time                  4.608
= Slack Time                    0.019
     Clock Rise Edge                      0.000
     + Input Delay                        1.500
     = Beginpoint Arrival Time            1.500
      -----------------------------------------------------------------------
      Instance             Arc            Cell       Delay  Arrival  Required  
                                                            Time     Time  
      -----------------------------------------------------------------------
      -                    coef_sel[0] v  -          -      1.500    1.519  
      g737                 A v -> Y ^     NAND2X8    0.027  1.527    1.546  
      g754                 B ^ -> Y v     NOR2BX4    0.032  1.560    1.578  
      g726                 B0 v -> Y ^    AOI21X4    0.046  1.605    1.624  
      g711                 B ^ -> Y v     NAND2X4    0.160  1.765    1.784  
      mul_58_40/g4158      A v -> Y ^     CLKINVX2   0.241  2.006    2.025  
      mul_58_40/g4201      A ^ -> Y ^     CLKMX2X12  0.420  2.426    2.445  
      mul_58_40/g4040      B ^ -> Y v     NAND2X8    0.105  2.531    2.550  
      mul_58_40/g3988      A1 v -> Y ^    OAI22X4    0.086  2.617    2.636  
      mul_58_40/g3917      B ^ -> Y v     XNOR3X1    0.281  2.899    2.917  
      mul_58_40/g3839      B v -> CO v    ADDFHX2    0.196  3.095    3.114  
      mul_58_40/g3838      CI v -> CO v   ADDFHX2    0.174  3.269    3.287  
      mul_58_40/g3837      A v -> Y ^     CLKINVX3   0.040  3.308    3.327  
      mul_58_40/g3836      B ^ -> Y v     NOR2X2     0.035  3.343    3.362  
      mul_58_40/g3832      B1 v -> Y ^    OAI2BB2X4  0.059  3.402    3.421  
      mul_58_40/g3828      B1 ^ -> Y v    OAI222X4   0.155  3.558    3.577  
      mul_58_40/g3826      CI v -> CO v   ADDFHX1    0.200  3.758    3.776  
      mul_58_40/g3825      CI v -> CO v   ADDFHX1    0.175  3.932    3.951  
      mul_58_40/g3824      CI v -> CO v   ADDFHX1    0.175  4.107    4.126  
      mul_58_40/g3823      CI v -> CO v   ADDFHX1    0.175  4.282    4.301  
      mul_58_40/g3822      CI v -> CO v   ADDFHX1    0.168  4.450    4.469  
      mul_58_40/g4181      C v -> Y ^     XOR3XL     0.158  4.608    4.626  
      mult_result_reg[15]  SI ^           SDFFRHQX2  0.000  4.608    4.626  
      -----------------------------------------------------------------------
Path 9: MET Setup Check with Pin mult_result_reg[15]/CK 
Endpoint:   mult_result_reg[15]/SI (^) checked with  leading edge of 'clk'
Beginpoint: coef_sel[1]            (^) triggered by  leading edge of 'clk'
Path Groups: {clk}
Other End Arrival Time          0.000
- Setup                         0.174
+ Phase Shift                   5.000
- Uncertainty                   0.200
= Required Time                 4.626
- Arrival Time                  4.607
= Slack Time                    0.019
     Clock Rise Edge                      0.000
     + Input Delay                        1.500
     = Beginpoint Arrival Time            1.500
      -----------------------------------------------------------------------
      Instance             Arc            Cell       Delay  Arrival  Required  
                                                            Time     Time  
      -----------------------------------------------------------------------
      -                    coef_sel[1] ^  -          -      1.500    1.519  
      g741                 A ^ -> Y v     NOR2X8     0.038  1.538    1.557  
      g723                 B1 v -> Y ^    AOI22X4    0.055  1.593    1.612  
      g711                 A ^ -> Y v     NAND2X4    0.172  1.765    1.784  
      mul_58_40/g4158      A v -> Y ^     CLKINVX2   0.241  2.005    2.025  
      mul_58_40/g4201      A ^ -> Y ^     CLKMX2X12  0.420  2.426    2.445  
      mul_58_40/g4040      B ^ -> Y v     NAND2X8    0.105  2.531    2.550  
      mul_58_40/g3988      A1 v -> Y ^    OAI22X4    0.086  2.617    2.636  
      mul_58_40/g3917      B ^ -> Y v     XNOR3X1    0.281  2.898    2.917  
      mul_58_40/g3839      B v -> CO v    ADDFHX2    0.196  3.094    3.114  
      mul_58_40/g3838      CI v -> CO v   ADDFHX2    0.174  3.268    3.287  
      mul_58_40/g3837      A v -> Y ^     CLKINVX3   0.040  3.308    3.327  
      mul_58_40/g3836      B ^ -> Y v     NOR2X2     0.035  3.343    3.362  
      mul_58_40/g3832      B1 v -> Y ^    OAI2BB2X4  0.059  3.402    3.421  
      mul_58_40/g3828      B1 ^ -> Y v    OAI222X4   0.155  3.557    3.577  
      mul_58_40/g3826      CI v -> CO v   ADDFHX1    0.200  3.757    3.776  
      mul_58_40/g3825      CI v -> CO v   ADDFHX1    0.175  3.932    3.951  
      mul_58_40/g3824      CI v -> CO v   ADDFHX1    0.175  4.107    4.126  
      mul_58_40/g3823      CI v -> CO v   ADDFHX1    0.175  4.282    4.301  
      mul_58_40/g3822      CI v -> CO v   ADDFHX1    0.168  4.450    4.469  
      mul_58_40/g4181      C v -> Y ^     XOR3XL     0.158  4.607    4.626  
      mult_result_reg[15]  SI ^           SDFFRHQX2  0.000  4.607    4.626  
      -----------------------------------------------------------------------
Path 10: MET Setup Check with Pin mult_result_reg[15]/CK 
Endpoint:   mult_result_reg[15]/SI (^) checked with  leading edge of 'clk'
Beginpoint: coef_sel[1]            (v) triggered by  leading edge of 'clk'
Path Groups: {clk}
Other End Arrival Time          0.000
- Setup                         0.174
+ Phase Shift                   5.000
- Uncertainty                   0.200
= Required Time                 4.626
- Arrival Time                  4.605
= Slack Time                    0.021
     Clock Rise Edge                      0.000
     + Input Delay                        1.500
     = Beginpoint Arrival Time            1.500
      -----------------------------------------------------------------------
      Instance             Arc            Cell       Delay  Arrival  Required  
                                                            Time     Time  
      -----------------------------------------------------------------------
      -                    coef_sel[1] v  -          -      1.500    1.521  
      g737                 B v -> Y ^     NAND2X8    0.025  1.525    1.546  
      g754                 B ^ -> Y v     NOR2BX4    0.032  1.557    1.578  
      g726                 B0 v -> Y ^    AOI21X4    0.046  1.603    1.624  
      g711                 B ^ -> Y v     NAND2X4    0.160  1.763    1.784  
      mul_58_40/g4158      A v -> Y ^     CLKINVX2   0.241  2.004    2.025  
      mul_58_40/g4201      A ^ -> Y ^     CLKMX2X12  0.420  2.424    2.445  
      mul_58_40/g4040      B ^ -> Y v     NAND2X8    0.105  2.529    2.550  
      mul_58_40/g3988      A1 v -> Y ^    OAI22X4    0.086  2.615    2.636  
      mul_58_40/g3917      B ^ -> Y v     XNOR3X1    0.281  2.896    2.917  
      mul_58_40/g3839      B v -> CO v    ADDFHX2    0.196  3.093    3.114  
      mul_58_40/g3838      CI v -> CO v   ADDFHX2    0.174  3.266    3.287  
      mul_58_40/g3837      A v -> Y ^     CLKINVX3   0.040  3.306    3.327  
      mul_58_40/g3836      B ^ -> Y v     NOR2X2     0.035  3.341    3.362  
      mul_58_40/g3832      B1 v -> Y ^    OAI2BB2X4  0.059  3.400    3.421  
      mul_58_40/g3828      B1 ^ -> Y v    OAI222X4   0.155  3.556    3.577  
      mul_58_40/g3826      CI v -> CO v   ADDFHX1    0.200  3.756    3.776  
      mul_58_40/g3825      CI v -> CO v   ADDFHX1    0.175  3.930    3.951  
      mul_58_40/g3824      CI v -> CO v   ADDFHX1    0.175  4.105    4.126  
      mul_58_40/g3823      CI v -> CO v   ADDFHX1    0.175  4.280    4.301  
      mul_58_40/g3822      CI v -> CO v   ADDFHX1    0.168  4.448    4.469  
      mul_58_40/g4181      C v -> Y ^     XOR3XL     0.158  4.605    4.626  
      mult_result_reg[15]  SI ^           SDFFRHQX2  0.000  4.605    4.626  
      -----------------------------------------------------------------------

