###############################################################
#  Generated by:      Cadence Tempus 20.10-p003_1
#  OS:                Linux x86_64(Host ID edatools-server1.iiitd.edu.in)
#  Generated on:      Tue Sep 15 16:41:57 2026
#  Design:            simple_mac
#  Command:           report_timing -late  -nworst 10 -retime path_slew_propagation \
#                                                                        >> ../sta_report/setup_pba.rpt
###############################################################
Path 1: MET Setup Check with Pin mult_result_reg[15]/CK 
Endpoint:   mult_result_reg[15]/SI (^) checked with  leading edge of 'clk'
Beginpoint: coef_sel[0]            (^) triggered by  leading edge of 'clk'
Path Groups: {clk}
Retime Analysis { Data Path-Slew }
Other End Arrival Time          0.000
- Setup                         0.172
+ Phase Shift                   5.000
- Uncertainty                   0.200
= Required Time                 4.628
- Arrival Time                  4.610
= Slack Time                    0.018
= Slack Time(original)         -0.001
     Clock Rise Edge                      0.000
     + Input Delay                        1.500
     = Beginpoint Arrival Time            1.500
      ------------------------------------------------------------------------
      Instance             Arc            Cell       Retime  Arrival  Required  
                                                     Delay   Time     Time  
      ------------------------------------------------------------------------
      -                    coef_sel[0] ^  -          -       1.500    1.518  
      g736                 -              NOR2X8     0.000   1.500    1.518  
      g736                 A ^ -> Y v     NOR2X8     0.038   1.538    1.555  
      g723                 -              AOI22X4    0.000   1.538    1.555  
      g723                 A1 v -> Y ^    AOI22X4    0.075   1.613    1.631  
      g711                 -              NAND2X4    0.000   1.613    1.631  
      g711                 A ^ -> Y v     NAND2X4    0.170   1.783    1.801  
      mul_58_40/g4158      -              CLKINVX2   0.000   1.783    1.801  
      mul_58_40/g4158      A v -> Y ^     CLKINVX2   0.241   2.024    2.042  
      mul_58_40/g4201      -              CLKMX2X12  0.000   2.024    2.042  
      mul_58_40/g4201      A ^ -> Y ^     CLKMX2X12  0.420   2.444    2.462  
      mul_58_40/g4040      -              NAND2X8    0.000   2.444    2.462  
      mul_58_40/g4040      B ^ -> Y v     NAND2X8    0.105   2.549    2.567  
      mul_58_40/g3988      -              OAI22X4    0.000   2.549    2.567  
      mul_58_40/g3988      A1 v -> Y ^    OAI22X4    0.086   2.635    2.653  
      mul_58_40/g3917      -              XNOR3X1    0.000   2.635    2.653  
      mul_58_40/g3917      B ^ -> Y v     XNOR3X1    0.281   2.916    2.934  
      mul_58_40/g3839      -              ADDFHX2    0.000   2.916    2.934  
      mul_58_40/g3839      B v -> CO v    ADDFHX2    0.196   3.113    3.130  
      mul_58_40/g3838      -              ADDFHX2    0.000   3.113    3.130  
      mul_58_40/g3838      CI v -> CO v   ADDFHX2    0.173   3.286    3.303  
      mul_58_40/g3837      -              CLKINVX3   0.000   3.286    3.303  
      mul_58_40/g3837      A v -> Y ^     CLKINVX3   0.040   3.325    3.343  
      mul_58_40/g3836      -              NOR2X2     0.000   3.325    3.343  
      mul_58_40/g3836      B ^ -> Y v     NOR2X2     0.035   3.360    3.378  
      mul_58_40/g3832      -              OAI2BB2X4  0.000   3.360    3.378  
      mul_58_40/g3832      B1 v -> Y ^    OAI2BB2X4  0.058   3.418    3.436  
      mul_58_40/g3828      -              OAI222X4   0.000   3.418    3.436  
      mul_58_40/g3828      B1 ^ -> Y v    OAI222X4   0.148   3.566    3.583  
      mul_58_40/g3826      -              ADDFHX1    0.000   3.566    3.583  
      mul_58_40/g3826      CI v -> CO v   ADDFHX1    0.194   3.760    3.778  
      mul_58_40/g3825      -              ADDFHX1    0.000   3.760    3.778  
      mul_58_40/g3825      CI v -> CO v   ADDFHX1    0.175   3.935    3.952  
      mul_58_40/g3824      -              ADDFHX1    0.000   3.935    3.952  
      mul_58_40/g3824      CI v -> CO v   ADDFHX1    0.175   4.110    4.127  
      mul_58_40/g3823      -              ADDFHX1    0.000   4.110    4.127  
      mul_58_40/g3823      CI v -> CO v   ADDFHX1    0.175   4.285    4.302  
      mul_58_40/g3822      -              ADDFHX1    0.000   4.285    4.302  
      mul_58_40/g3822      CI v -> CO v   ADDFHX1    0.168   4.452    4.470  
      mul_58_40/g4181      -              XOR3XL     0.000   4.452    4.470  
      mul_58_40/g4181      C v -> Y ^     XOR3XL     0.158   4.610    4.628  
      mult_result_reg[15]  -              SDFFRHQX2  0.000   4.610    4.628  
      ------------------------------------------------------------------------
Path 2: MET Setup Check with Pin mult_result_reg[15]/CK 
Endpoint:   mult_result_reg[15]/SI (^) checked with  leading edge of 'clk'
Beginpoint: coef_sel[1]            (^) triggered by  leading edge of 'clk'
Path Groups: {clk}
Retime Analysis { Data Path-Slew }
Other End Arrival Time          0.000
- Setup                         0.172
+ Phase Shift                   5.000
- Uncertainty                   0.200
= Required Time                 4.628
- Arrival Time                  4.603
= Slack Time                    0.024
= Slack Time(original)          0.003
     Clock Rise Edge                      0.000
     + Input Delay                        1.500
     = Beginpoint Arrival Time            1.500
      ------------------------------------------------------------------------
      Instance             Arc            Cell       Retime  Arrival  Required  
                                                     Delay   Time     Time  
      ------------------------------------------------------------------------
      -                    coef_sel[1] ^  -          -       1.500    1.524  
      g736                 -              NOR2X8     0.000   1.500    1.524  
      g736                 B ^ -> Y v     NOR2X8     0.033   1.533    1.557  
      g723                 -              AOI22X4    0.000   1.533    1.557  
      g723                 A1 v -> Y ^    AOI22X4    0.073   1.606    1.631  
      g711                 -              NAND2X4    0.000   1.606    1.631  
      g711                 A ^ -> Y v     NAND2X4    0.170   1.777    1.801  
      mul_58_40/g4158      -              CLKINVX2   0.000   1.777    1.801  
      mul_58_40/g4158      A v -> Y ^     CLKINVX2   0.241   2.017    2.042  
      mul_58_40/g4201      -              CLKMX2X12  0.000   2.017    2.042  
      mul_58_40/g4201      A ^ -> Y ^     CLKMX2X12  0.420   2.438    2.462  
      mul_58_40/g4040      -              NAND2X8    0.000   2.438    2.462  
      mul_58_40/g4040      B ^ -> Y v     NAND2X8    0.105   2.543    2.567  
      mul_58_40/g3988      -              OAI22X4    0.000   2.543    2.567  
      mul_58_40/g3988      A1 v -> Y ^    OAI22X4    0.086   2.629    2.653  
      mul_58_40/g3917      -              XNOR3X1    0.000   2.629    2.653  
      mul_58_40/g3917      B ^ -> Y v     XNOR3X1    0.281   2.910    2.934  
      mul_58_40/g3839      -              ADDFHX2    0.000   2.910    2.934  
      mul_58_40/g3839      B v -> CO v    ADDFHX2    0.196   3.106    3.130  
      mul_58_40/g3838      -              ADDFHX2    0.000   3.106    3.130  
      mul_58_40/g3838      CI v -> CO v   ADDFHX2    0.173   3.279    3.303  
      mul_58_40/g3837      -              CLKINVX3   0.000   3.279    3.303  
      mul_58_40/g3837      A v -> Y ^     CLKINVX3   0.040   3.319    3.343  
      mul_58_40/g3836      -              NOR2X2     0.000   3.319    3.343  
      mul_58_40/g3836      B ^ -> Y v     NOR2X2     0.035   3.354    3.378  
      mul_58_40/g3832      -              OAI2BB2X4  0.000   3.354    3.378  
      mul_58_40/g3832      B1 v -> Y ^    OAI2BB2X4  0.058   3.411    3.436  
      mul_58_40/g3828      -              OAI222X4   0.000   3.411    3.436  
      mul_58_40/g3828      B1 ^ -> Y v    OAI222X4   0.148   3.559    3.583  
      mul_58_40/g3826      -              ADDFHX1    0.000   3.559    3.583  
      mul_58_40/g3826      CI v -> CO v   ADDFHX1    0.194   3.754    3.778  
      mul_58_40/g3825      -              ADDFHX1    0.000   3.754    3.778  
      mul_58_40/g3825      CI v -> CO v   ADDFHX1    0.175   3.928    3.952  
      mul_58_40/g3824      -              ADDFHX1    0.000   3.928    3.952  
      mul_58_40/g3824      CI v -> CO v   ADDFHX1    0.175   4.103    4.127  
      mul_58_40/g3823      -              ADDFHX1    0.000   4.103    4.127  
      mul_58_40/g3823      CI v -> CO v   ADDFHX1    0.175   4.278    4.302  
      mul_58_40/g3822      -              ADDFHX1    0.000   4.278    4.302  
      mul_58_40/g3822      CI v -> CO v   ADDFHX1    0.168   4.446    4.470  
      mul_58_40/g4181      -              XOR3XL     0.000   4.446    4.470  
      mul_58_40/g4181      C v -> Y ^     XOR3XL     0.158   4.603    4.628  
      mult_result_reg[15]  -              SDFFRHQX2  0.000   4.603    4.628  
      ------------------------------------------------------------------------
Path 3: MET Setup Check with Pin mult_result_reg[15]/CK 
Endpoint:   mult_result_reg[15]/SI (^) checked with  leading edge of 'clk'
Beginpoint: coef_sel[0]            (v) triggered by  leading edge of 'clk'
Path Groups: {clk}
Retime Analysis { Data Path-Slew }
Other End Arrival Time          0.000
- Setup                         0.172
+ Phase Shift                   5.000
- Uncertainty                   0.200
= Required Time                 4.628
- Arrival Time                  4.602
= Slack Time                    0.025
= Slack Time(original)          0.005
     Clock Rise Edge                      0.000
     + Input Delay                        1.500
     = Beginpoint Arrival Time            1.500
      ------------------------------------------------------------------------
      Instance             Arc            Cell       Retime  Arrival  Required  
                                                     Delay   Time     Time  
      ------------------------------------------------------------------------
      -                    coef_sel[0] v  -          -       1.500    1.525  
      g752                 -              CLKINVX8   0.000   1.500    1.525  
      g752                 A v -> Y ^     CLKINVX8   0.014   1.514    1.540  
      g741                 -              NOR2X8     0.000   1.514    1.540  
      g741                 B ^ -> Y v     NOR2X8     0.038   1.552    1.578  
      g723                 -              AOI22X4    0.000   1.552    1.578  
      g723                 B1 v -> Y ^    AOI22X4    0.053   1.605    1.631  
      g711                 -              NAND2X4    0.000   1.605    1.631  
      g711                 A ^ -> Y v     NAND2X4    0.170   1.776    1.801  
      mul_58_40/g4158      -              CLKINVX2   0.000   1.776    1.801  
      mul_58_40/g4158      A v -> Y ^     CLKINVX2   0.241   2.016    2.042  
      mul_58_40/g4201      -              CLKMX2X12  0.000   2.016    2.042  
      mul_58_40/g4201      A ^ -> Y ^     CLKMX2X12  0.420   2.437    2.462  
      mul_58_40/g4040      -              NAND2X8    0.000   2.437    2.462  
      mul_58_40/g4040      B ^ -> Y v     NAND2X8    0.105   2.541    2.567  
      mul_58_40/g3988      -              OAI22X4    0.000   2.541    2.567  
      mul_58_40/g3988      A1 v -> Y ^    OAI22X4    0.086   2.628    2.653  
      mul_58_40/g3917      -              XNOR3X1    0.000   2.628    2.653  
      mul_58_40/g3917      B ^ -> Y v     XNOR3X1    0.281   2.909    2.934  
      mul_58_40/g3839      -              ADDFHX2    0.000   2.909    2.934  
      mul_58_40/g3839      B v -> CO v    ADDFHX2    0.196   3.105    3.130  
      mul_58_40/g3838      -              ADDFHX2    0.000   3.105    3.130  
      mul_58_40/g3838      CI v -> CO v   ADDFHX2    0.173   3.278    3.303  
      mul_58_40/g3837      -              CLKINVX3   0.000   3.278    3.303  
      mul_58_40/g3837      A v -> Y ^     CLKINVX3   0.040   3.318    3.343  
      mul_58_40/g3836      -              NOR2X2     0.000   3.318    3.343  
      mul_58_40/g3836      B ^ -> Y v     NOR2X2     0.035   3.352    3.378  
      mul_58_40/g3832      -              OAI2BB2X4  0.000   3.352    3.378  
      mul_58_40/g3832      B1 v -> Y ^    OAI2BB2X4  0.058   3.410    3.436  
      mul_58_40/g3828      -              OAI222X4   0.000   3.410    3.436  
      mul_58_40/g3828      B1 ^ -> Y v    OAI222X4   0.148   3.558    3.583  
      mul_58_40/g3826      -              ADDFHX1    0.000   3.558    3.583  
      mul_58_40/g3826      CI v -> CO v   ADDFHX1    0.194   3.752    3.778  
      mul_58_40/g3825      -              ADDFHX1    0.000   3.752    3.778  
      mul_58_40/g3825      CI v -> CO v   ADDFHX1    0.175   3.927    3.952  
      mul_58_40/g3824      -              ADDFHX1    0.000   3.927    3.952  
      mul_58_40/g3824      CI v -> CO v   ADDFHX1    0.175   4.102    4.127  
      mul_58_40/g3823      -              ADDFHX1    0.000   4.102    4.127  
      mul_58_40/g3823      CI v -> CO v   ADDFHX1    0.175   4.277    4.302  
      mul_58_40/g3822      -              ADDFHX1    0.000   4.277    4.302  
      mul_58_40/g3822      CI v -> CO v   ADDFHX1    0.168   4.445    4.470  
      mul_58_40/g4181      -              XOR3XL     0.000   4.445    4.470  
      mul_58_40/g4181      C v -> Y ^     XOR3XL     0.158   4.602    4.628  
      mult_result_reg[15]  -              SDFFRHQX2  0.000   4.602    4.628  
      ------------------------------------------------------------------------
Path 4: MET Setup Check with Pin mult_result_reg[15]/CK 
Endpoint:   mult_result_reg[15]/SI (^) checked with  leading edge of 'clk'
Beginpoint: coef_sel[1]            (v) triggered by  leading edge of 'clk'
Path Groups: {clk}
Retime Analysis { Data Path-Slew }
Other End Arrival Time          0.000
- Setup                         0.172
+ Phase Shift                   5.000
- Uncertainty                   0.200
= Required Time                 4.628
- Arrival Time                  4.596
= Slack Time                    0.031
= Slack Time(original)          0.010
     Clock Rise Edge                      0.000
     + Input Delay                        1.500
     = Beginpoint Arrival Time            1.500
      ------------------------------------------------------------------------
      Instance             Arc            Cell       Retime  Arrival  Required  
                                                     Delay   Time     Time  
      ------------------------------------------------------------------------
      -                    coef_sel[1] v  -          -       1.500    1.531  
      g744                 -              CLKINVX8   0.000   1.500    1.531  
      g744                 A v -> Y ^     CLKINVX8   0.014   1.514    1.545  
      g740                 -              NOR2X8     0.000   1.514    1.545  
      g740                 B ^ -> Y v     NOR2X8     0.038   1.552    1.583  
      g726                 -              AOI21X4    0.000   1.552    1.583  
      g726                 A1 v -> Y ^    AOI21X4    0.059   1.611    1.643  
      g711                 -              NAND2X4    0.000   1.611    1.643  
      g711                 B ^ -> Y v     NAND2X4    0.159   1.770    1.801  
      mul_58_40/g4158      -              CLKINVX2   0.000   1.770    1.801  
      mul_58_40/g4158      A v -> Y ^     CLKINVX2   0.240   2.010    2.042  
      mul_58_40/g4201      -              CLKMX2X12  0.000   2.010    2.042  
      mul_58_40/g4201      A ^ -> Y ^     CLKMX2X12  0.420   2.431    2.462  
      mul_58_40/g4040      -              NAND2X8    0.000   2.431    2.462  
      mul_58_40/g4040      B ^ -> Y v     NAND2X8    0.105   2.536    2.567  
      mul_58_40/g3988      -              OAI22X4    0.000   2.536    2.567  
      mul_58_40/g3988      A1 v -> Y ^    OAI22X4    0.086   2.622    2.653  
      mul_58_40/g3917      -              XNOR3X1    0.000   2.622    2.653  
      mul_58_40/g3917      B ^ -> Y v     XNOR3X1    0.281   2.903    2.934  
      mul_58_40/g3839      -              ADDFHX2    0.000   2.903    2.934  
      mul_58_40/g3839      B v -> CO v    ADDFHX2    0.196   3.099    3.130  
      mul_58_40/g3838      -              ADDFHX2    0.000   3.099    3.130  
      mul_58_40/g3838      CI v -> CO v   ADDFHX2    0.173   3.272    3.303  
      mul_58_40/g3837      -              CLKINVX3   0.000   3.272    3.303  
      mul_58_40/g3837      A v -> Y ^     CLKINVX3   0.040   3.312    3.343  
      mul_58_40/g3836      -              NOR2X2     0.000   3.312    3.343  
      mul_58_40/g3836      B ^ -> Y v     NOR2X2     0.035   3.346    3.378  
      mul_58_40/g3832      -              OAI2BB2X4  0.000   3.346    3.378  
      mul_58_40/g3832      B1 v -> Y ^    OAI2BB2X4  0.058   3.404    3.436  
      mul_58_40/g3828      -              OAI222X4   0.000   3.404    3.436  
      mul_58_40/g3828      B1 ^ -> Y v    OAI222X4   0.148   3.552    3.583  
      mul_58_40/g3826      -              ADDFHX1    0.000   3.552    3.583  
      mul_58_40/g3826      CI v -> CO v   ADDFHX1    0.194   3.747    3.778  
      mul_58_40/g3825      -              ADDFHX1    0.000   3.747    3.778  
      mul_58_40/g3825      CI v -> CO v   ADDFHX1    0.175   3.921    3.952  
      mul_58_40/g3824      -              ADDFHX1    0.000   3.921    3.952  
      mul_58_40/g3824      CI v -> CO v   ADDFHX1    0.175   4.096    4.127  
      mul_58_40/g3823      -              ADDFHX1    0.000   4.096    4.127  
      mul_58_40/g3823      CI v -> CO v   ADDFHX1    0.175   4.271    4.302  
      mul_58_40/g3822      -              ADDFHX1    0.000   4.271    4.302  
      mul_58_40/g3822      CI v -> CO v   ADDFHX1    0.168   4.439    4.470  
      mul_58_40/g4181      -              XOR3XL     0.000   4.439    4.470  
      mul_58_40/g4181      C v -> Y ^     XOR3XL     0.158   4.596    4.628  
      mult_result_reg[15]  -              SDFFRHQX2  0.000   4.596    4.628  
      ------------------------------------------------------------------------
Path 5: MET Setup Check with Pin mult_result_reg[15]/CK 
Endpoint:   mult_result_reg[15]/SI (^) checked with  leading edge of 'clk'
Beginpoint: coef_sel[0]            (^) triggered by  leading edge of 'clk'
Path Groups: {clk}
Retime Analysis { Data Path-Slew }
Other End Arrival Time          0.000
- Setup                         0.172
+ Phase Shift                   5.000
- Uncertainty                   0.200
= Required Time                 4.628
- Arrival Time                  4.595
= Slack Time                    0.033
= Slack Time(original)          0.012
     Clock Rise Edge                      0.000
     + Input Delay                        1.500
     = Beginpoint Arrival Time            1.500
      ------------------------------------------------------------------------
      Instance             Arc            Cell       Retime  Arrival  Required  
                                                     Delay   Time     Time  
      ------------------------------------------------------------------------
      -                    coef_sel[0] ^  -          -       1.500    1.533  
      g736                 -              NOR2X8     0.000   1.500    1.533  
      g736                 A ^ -> Y v     NOR2X8     0.038   1.538    1.571  
      g723                 -              AOI22X4    0.000   1.538    1.571  
      g723                 A1 v -> Y ^    AOI22X4    0.075   1.613    1.646  
      g711                 -              NAND2X4    0.000   1.613    1.646  
      g711                 A ^ -> Y v     NAND2X4    0.170   1.783    1.817  
      mul_58_40/g4158      -              CLKINVX2   0.000   1.783    1.817  
      mul_58_40/g4158      A v -> Y ^     CLKINVX2   0.241   2.024    2.057  
      mul_58_40/g4201      -              CLKMX2X12  0.000   2.024    2.057  
      mul_58_40/g4201      A ^ -> Y ^     CLKMX2X12  0.420   2.444    2.477  
      mul_58_40/g4040      -              NAND2X8    0.000   2.444    2.477  
      mul_58_40/g4040      B ^ -> Y v     NAND2X8    0.105   2.549    2.582  
      mul_58_40/g4035      -              CLKINVX3   0.000   2.549    2.582  
      mul_58_40/g4035      A v -> Y ^     CLKINVX3   0.072   2.621    2.654  
      mul_58_40/g3997      -              AOI22X4    0.000   2.621    2.654  
      mul_58_40/g3997      A1 ^ -> Y v    AOI22X4    0.081   2.702    2.735  
      mul_58_40/g3903      -              ADDFHX1    0.000   2.702    2.735  
      mul_58_40/g3903      B v -> S ^     ADDFHX1    0.288   2.990    3.023  
      mul_58_40/g3895      -              CLKINVX4   0.000   2.990    3.023  
      mul_58_40/g3895      A ^ -> Y v     CLKINVX4   0.042   3.032    3.065  
      mul_58_40/g4186      -              MXI2X1     0.000   3.032    3.065  
      mul_58_40/g4186      A v -> Y ^     MXI2X1     0.133   3.165    3.198  
      mul_58_40/g3849      -              CLKAND2X3  0.000   3.165    3.198  
      mul_58_40/g3849      B ^ -> Y ^     CLKAND2X3  0.138   3.303    3.336  
      mul_58_40/g3836      -              NOR2X2     0.000   3.303    3.336  
      mul_58_40/g3836      A ^ -> Y v     NOR2X2     0.040   3.343    3.376  
      mul_58_40/g3832      -              OAI2BB2X4  0.000   3.343    3.376  
      mul_58_40/g3832      B1 v -> Y ^    OAI2BB2X4  0.059   3.402    3.436  
      mul_58_40/g3828      -              OAI222X4   0.000   3.402    3.436  
      mul_58_40/g3828      B1 ^ -> Y v    OAI222X4   0.148   3.550    3.583  
      mul_58_40/g3826      -              ADDFHX1    0.000   3.550    3.583  
      mul_58_40/g3826      CI v -> CO v   ADDFHX1    0.194   3.745    3.778  
      mul_58_40/g3825      -              ADDFHX1    0.000   3.745    3.778  
      mul_58_40/g3825      CI v -> CO v   ADDFHX1    0.175   3.919    3.952  
      mul_58_40/g3824      -              ADDFHX1    0.000   3.919    3.952  
      mul_58_40/g3824      CI v -> CO v   ADDFHX1    0.175   4.094    4.127  
      mul_58_40/g3823      -              ADDFHX1    0.000   4.094    4.127  
      mul_58_40/g3823      CI v -> CO v   ADDFHX1    0.175   4.269    4.302  
      mul_58_40/g3822      -              ADDFHX1    0.000   4.269    4.302  
      mul_58_40/g3822      CI v -> CO v   ADDFHX1    0.168   4.437    4.470  
      mul_58_40/g4181      -              XOR3XL     0.000   4.437    4.470  
      mul_58_40/g4181      C v -> Y ^     XOR3XL     0.158   4.595    4.628  
      mult_result_reg[15]  -              SDFFRHQX2  0.000   4.595    4.628  
      ------------------------------------------------------------------------
Path 6: MET Setup Check with Pin mult_result_reg[15]/CK 
Endpoint:   mult_result_reg[15]/SI (^) checked with  leading edge of 'clk'
Beginpoint: coef_sel[1]            (^) triggered by  leading edge of 'clk'
Path Groups: {clk}
Retime Analysis { Data Path-Slew }
Other End Arrival Time          0.000
- Setup                         0.172
+ Phase Shift                   5.000
- Uncertainty                   0.200
= Required Time                 4.628
- Arrival Time                  4.588
= Slack Time                    0.040
= Slack Time(original)          0.017
     Clock Rise Edge                      0.000
     + Input Delay                        1.500
     = Beginpoint Arrival Time            1.500
      ------------------------------------------------------------------------
      Instance             Arc            Cell       Retime  Arrival  Required  
                                                     Delay   Time     Time  
      ------------------------------------------------------------------------
      -                    coef_sel[1] ^  -          -       1.500    1.540  
      g736                 -              NOR2X8     0.000   1.500    1.540  
      g736                 B ^ -> Y v     NOR2X8     0.033   1.533    1.573  
      g723                 -              AOI22X4    0.000   1.533    1.573  
      g723                 A1 v -> Y ^    AOI22X4    0.073   1.606    1.646  
      g711                 -              NAND2X4    0.000   1.606    1.646  
      g711                 A ^ -> Y v     NAND2X4    0.170   1.777    1.817  
      mul_58_40/g4158      -              CLKINVX2   0.000   1.777    1.817  
      mul_58_40/g4158      A v -> Y ^     CLKINVX2   0.241   2.017    2.057  
      mul_58_40/g4201      -              CLKMX2X12  0.000   2.017    2.057  
      mul_58_40/g4201      A ^ -> Y ^     CLKMX2X12  0.420   2.438    2.477  
      mul_58_40/g4040      -              NAND2X8    0.000   2.438    2.477  
      mul_58_40/g4040      B ^ -> Y v     NAND2X8    0.105   2.543    2.582  
      mul_58_40/g4035      -              CLKINVX3   0.000   2.543    2.582  
      mul_58_40/g4035      A v -> Y ^     CLKINVX3   0.072   2.614    2.654  
      mul_58_40/g3997      -              AOI22X4    0.000   2.614    2.654  
      mul_58_40/g3997      A1 ^ -> Y v    AOI22X4    0.081   2.695    2.735  
      mul_58_40/g3903      -              ADDFHX1    0.000   2.695    2.735  
      mul_58_40/g3903      B v -> S ^     ADDFHX1    0.288   2.983    3.023  
      mul_58_40/g3895      -              CLKINVX4   0.000   2.983    3.023  
      mul_58_40/g3895      A ^ -> Y v     CLKINVX4   0.042   3.025    3.065  
      mul_58_40/g4186      -              MXI2X1     0.000   3.025    3.065  
      mul_58_40/g4186      A v -> Y ^     MXI2X1     0.133   3.158    3.198  
      mul_58_40/g3849      -              CLKAND2X3  0.000   3.158    3.198  
      mul_58_40/g3849      B ^ -> Y ^     CLKAND2X3  0.138   3.297    3.336  
      mul_58_40/g3836      -              NOR2X2     0.000   3.297    3.336  
      mul_58_40/g3836      A ^ -> Y v     NOR2X2     0.040   3.337    3.376  
      mul_58_40/g3832      -              OAI2BB2X4  0.000   3.337    3.376  
      mul_58_40/g3832      B1 v -> Y ^    OAI2BB2X4  0.059   3.396    3.436  
      mul_58_40/g3828      -              OAI222X4   0.000   3.396    3.436  
      mul_58_40/g3828      B1 ^ -> Y v    OAI222X4   0.148   3.544    3.583  
      mul_58_40/g3826      -              ADDFHX1    0.000   3.544    3.583  
      mul_58_40/g3826      CI v -> CO v   ADDFHX1    0.194   3.738    3.778  
      mul_58_40/g3825      -              ADDFHX1    0.000   3.738    3.778  
      mul_58_40/g3825      CI v -> CO v   ADDFHX1    0.175   3.913    3.952  
      mul_58_40/g3824      -              ADDFHX1    0.000   3.913    3.952  
      mul_58_40/g3824      CI v -> CO v   ADDFHX1    0.175   4.088    4.127  
      mul_58_40/g3823      -              ADDFHX1    0.000   4.088    4.127  
      mul_58_40/g3823      CI v -> CO v   ADDFHX1    0.175   4.263    4.302  
      mul_58_40/g3822      -              ADDFHX1    0.000   4.263    4.302  
      mul_58_40/g3822      CI v -> CO v   ADDFHX1    0.168   4.430    4.470  
      mul_58_40/g4181      -              XOR3XL     0.000   4.430    4.470  
      mul_58_40/g4181      C v -> Y ^     XOR3XL     0.158   4.588    4.628  
      mult_result_reg[15]  -              SDFFRHQX2  0.000   4.588    4.628  
      ------------------------------------------------------------------------
Path 7: MET Setup Check with Pin mult_result_reg[15]/CK 
Endpoint:   mult_result_reg[15]/SI (^) checked with  leading edge of 'clk'
Beginpoint: coef_sel[0]            (v) triggered by  leading edge of 'clk'
Path Groups: {clk}
Retime Analysis { Data Path-Slew }
Other End Arrival Time          0.000
- Setup                         0.172
+ Phase Shift                   5.000
- Uncertainty                   0.200
= Required Time                 4.628
- Arrival Time                  4.587
= Slack Time                    0.041
= Slack Time(original)          0.018
     Clock Rise Edge                      0.000
     + Input Delay                        1.500
     = Beginpoint Arrival Time            1.500
      ------------------------------------------------------------------------
      Instance             Arc            Cell       Retime  Arrival  Required  
                                                     Delay   Time     Time  
      ------------------------------------------------------------------------
      -                    coef_sel[0] v  -          -       1.500    1.541  
      g752                 -              CLKINVX8   0.000   1.500    1.541  
      g752                 A v -> Y ^     CLKINVX8   0.014   1.514    1.555  
      g741                 -              NOR2X8     0.000   1.514    1.555  
      g741                 B ^ -> Y v     NOR2X8     0.038   1.552    1.593  
      g723                 -              AOI22X4    0.000   1.552    1.593  
      g723                 B1 v -> Y ^    AOI22X4    0.053   1.605    1.646  
      g711                 -              NAND2X4    0.000   1.605    1.646  
      g711                 A ^ -> Y v     NAND2X4    0.170   1.776    1.817  
      mul_58_40/g4158      -              CLKINVX2   0.000   1.776    1.817  
      mul_58_40/g4158      A v -> Y ^     CLKINVX2   0.241   2.016    2.057  
      mul_58_40/g4201      -              CLKMX2X12  0.000   2.016    2.057  
      mul_58_40/g4201      A ^ -> Y ^     CLKMX2X12  0.420   2.437    2.477  
      mul_58_40/g4040      -              NAND2X8    0.000   2.437    2.477  
      mul_58_40/g4040      B ^ -> Y v     NAND2X8    0.105   2.541    2.582  
      mul_58_40/g4035      -              CLKINVX3   0.000   2.541    2.582  
      mul_58_40/g4035      A v -> Y ^     CLKINVX3   0.072   2.613    2.654  
      mul_58_40/g3997      -              AOI22X4    0.000   2.613    2.654  
      mul_58_40/g3997      A1 ^ -> Y v    AOI22X4    0.081   2.694    2.735  
      mul_58_40/g3903      -              ADDFHX1    0.000   2.694    2.735  
      mul_58_40/g3903      B v -> S ^     ADDFHX1    0.288   2.982    3.023  
      mul_58_40/g3895      -              CLKINVX4   0.000   2.982    3.023  
      mul_58_40/g3895      A ^ -> Y v     CLKINVX4   0.042   3.024    3.065  
      mul_58_40/g4186      -              MXI2X1     0.000   3.024    3.065  
      mul_58_40/g4186      A v -> Y ^     MXI2X1     0.133   3.157    3.198  
      mul_58_40/g3849      -              CLKAND2X3  0.000   3.157    3.198  
      mul_58_40/g3849      B ^ -> Y ^     CLKAND2X3  0.138   3.296    3.336  
      mul_58_40/g3836      -              NOR2X2     0.000   3.296    3.336  
      mul_58_40/g3836      A ^ -> Y v     NOR2X2     0.040   3.335    3.376  
      mul_58_40/g3832      -              OAI2BB2X4  0.000   3.335    3.376  
      mul_58_40/g3832      B1 v -> Y ^    OAI2BB2X4  0.059   3.395    3.436  
      mul_58_40/g3828      -              OAI222X4   0.000   3.395    3.436  
      mul_58_40/g3828      B1 ^ -> Y v    OAI222X4   0.148   3.543    3.583  
      mul_58_40/g3826      -              ADDFHX1    0.000   3.543    3.583  
      mul_58_40/g3826      CI v -> CO v   ADDFHX1    0.194   3.737    3.778  
      mul_58_40/g3825      -              ADDFHX1    0.000   3.737    3.778  
      mul_58_40/g3825      CI v -> CO v   ADDFHX1    0.175   3.912    3.952  
      mul_58_40/g3824      -              ADDFHX1    0.000   3.912    3.952  
      mul_58_40/g3824      CI v -> CO v   ADDFHX1    0.175   4.087    4.127  
      mul_58_40/g3823      -              ADDFHX1    0.000   4.087    4.127  
      mul_58_40/g3823      CI v -> CO v   ADDFHX1    0.175   4.261    4.302  
      mul_58_40/g3822      -              ADDFHX1    0.000   4.261    4.302  
      mul_58_40/g3822      CI v -> CO v   ADDFHX1    0.168   4.429    4.470  
      mul_58_40/g4181      -              XOR3XL     0.000   4.429    4.470  
      mul_58_40/g4181      C v -> Y ^     XOR3XL     0.158   4.587    4.628  
      mult_result_reg[15]  -              SDFFRHQX2  0.000   4.587    4.628  
      ------------------------------------------------------------------------
Path 8: MET Setup Check with Pin mult_result_reg[15]/CK 
Endpoint:   mult_result_reg[15]/SI (^) checked with  leading edge of 'clk'
Beginpoint: coef_sel[0]            (v) triggered by  leading edge of 'clk'
Path Groups: {clk}
Retime Analysis { Data Path-Slew }
Other End Arrival Time          0.000
- Setup                         0.172
+ Phase Shift                   5.000
- Uncertainty                   0.200
= Required Time                 4.628
- Arrival Time                  4.585
= Slack Time                    0.043
= Slack Time(original)          0.019
     Clock Rise Edge                      0.000
     + Input Delay                        1.500
     = Beginpoint Arrival Time            1.500
      ------------------------------------------------------------------------
      Instance             Arc            Cell       Retime  Arrival  Required  
                                                     Delay   Time     Time  
      ------------------------------------------------------------------------
      -                    coef_sel[0] v  -          -       1.500    1.543  
      g737                 -              NAND2X8    0.000   1.500    1.543  
      g737                 A v -> Y ^     NAND2X8    0.027   1.527    1.570  
      g754                 -              NOR2BX4    0.000   1.527    1.570  
      g754                 B ^ -> Y v     NOR2BX4    0.032   1.560    1.602  
      g726                 -              AOI21X4    0.000   1.560    1.602  
      g726                 B0 v -> Y ^    AOI21X4    0.039   1.598    1.641  
      g711                 -              NAND2X4    0.000   1.598    1.641  
      g711                 B ^ -> Y v     NAND2X4    0.160   1.758    1.801  
      mul_58_40/g4158      -              CLKINVX2   0.000   1.758    1.801  
      mul_58_40/g4158      A v -> Y ^     CLKINVX2   0.241   1.999    2.042  
      mul_58_40/g4201      -              CLKMX2X12  0.000   1.999    2.042  
      mul_58_40/g4201      A ^ -> Y ^     CLKMX2X12  0.420   2.419    2.462  
      mul_58_40/g4040      -              NAND2X8    0.000   2.419    2.462  
      mul_58_40/g4040      B ^ -> Y v     NAND2X8    0.105   2.524    2.567  
      mul_58_40/g3988      -              OAI22X4    0.000   2.524    2.567  
      mul_58_40/g3988      A1 v -> Y ^    OAI22X4    0.086   2.610    2.653  
      mul_58_40/g3917      -              XNOR3X1    0.000   2.610    2.653  
      mul_58_40/g3917      B ^ -> Y v     XNOR3X1    0.281   2.891    2.934  
      mul_58_40/g3839      -              ADDFHX2    0.000   2.891    2.934  
      mul_58_40/g3839      B v -> CO v    ADDFHX2    0.196   3.088    3.130  
      mul_58_40/g3838      -              ADDFHX2    0.000   3.088    3.130  
      mul_58_40/g3838      CI v -> CO v   ADDFHX2    0.173   3.261    3.303  
      mul_58_40/g3837      -              CLKINVX3   0.000   3.261    3.303  
      mul_58_40/g3837      A v -> Y ^     CLKINVX3   0.040   3.300    3.343  
      mul_58_40/g3836      -              NOR2X2     0.000   3.300    3.343  
      mul_58_40/g3836      B ^ -> Y v     NOR2X2     0.035   3.335    3.378  
      mul_58_40/g3832      -              OAI2BB2X4  0.000   3.335    3.378  
      mul_58_40/g3832      B1 v -> Y ^    OAI2BB2X4  0.058   3.393    3.436  
      mul_58_40/g3828      -              OAI222X4   0.000   3.393    3.436  
      mul_58_40/g3828      B1 ^ -> Y v    OAI222X4   0.148   3.541    3.583  
      mul_58_40/g3826      -              ADDFHX1    0.000   3.541    3.583  
      mul_58_40/g3826      CI v -> CO v   ADDFHX1    0.194   3.735    3.778  
      mul_58_40/g3825      -              ADDFHX1    0.000   3.735    3.778  
      mul_58_40/g3825      CI v -> CO v   ADDFHX1    0.175   3.910    3.952  
      mul_58_40/g3824      -              ADDFHX1    0.000   3.910    3.952  
      mul_58_40/g3824      CI v -> CO v   ADDFHX1    0.175   4.085    4.127  
      mul_58_40/g3823      -              ADDFHX1    0.000   4.085    4.127  
      mul_58_40/g3823      CI v -> CO v   ADDFHX1    0.175   4.259    4.302  
      mul_58_40/g3822      -              ADDFHX1    0.000   4.259    4.302  
      mul_58_40/g3822      CI v -> CO v   ADDFHX1    0.168   4.427    4.470  
      mul_58_40/g4181      -              XOR3XL     0.000   4.427    4.470  
      mul_58_40/g4181      C v -> Y ^     XOR3XL     0.158   4.585    4.628  
      mult_result_reg[15]  -              SDFFRHQX2  0.000   4.585    4.628  
      ------------------------------------------------------------------------
Path 9: MET Setup Check with Pin mult_result_reg[15]/CK 
Endpoint:   mult_result_reg[15]/SI (^) checked with  leading edge of 'clk'
Beginpoint: coef_sel[1]            (^) triggered by  leading edge of 'clk'
Path Groups: {clk}
Retime Analysis { Data Path-Slew }
Other End Arrival Time          0.000
- Setup                         0.172
+ Phase Shift                   5.000
- Uncertainty                   0.200
= Required Time                 4.628
- Arrival Time                  4.590
= Slack Time                    0.038
= Slack Time(original)          0.019
     Clock Rise Edge                      0.000
     + Input Delay                        1.500
     = Beginpoint Arrival Time            1.500
      ------------------------------------------------------------------------
      Instance             Arc            Cell       Retime  Arrival  Required  
                                                     Delay   Time     Time  
      ------------------------------------------------------------------------
      -                    coef_sel[1] ^  -          -       1.500    1.538  
      g741                 -              NOR2X8     0.000   1.500    1.538  
      g741                 A ^ -> Y v     NOR2X8     0.038   1.538    1.576  
      g723                 -              AOI22X4    0.000   1.538    1.576  
      g723                 B1 v -> Y ^    AOI22X4    0.055   1.593    1.631  
      g711                 -              NAND2X4    0.000   1.593    1.631  
      g711                 A ^ -> Y v     NAND2X4    0.170   1.763    1.801  
      mul_58_40/g4158      -              CLKINVX2   0.000   1.763    1.801  
      mul_58_40/g4158      A v -> Y ^     CLKINVX2   0.241   2.004    2.042  
      mul_58_40/g4201      -              CLKMX2X12  0.000   2.004    2.042  
      mul_58_40/g4201      A ^ -> Y ^     CLKMX2X12  0.420   2.424    2.462  
      mul_58_40/g4040      -              NAND2X8    0.000   2.424    2.462  
      mul_58_40/g4040      B ^ -> Y v     NAND2X8    0.105   2.529    2.567  
      mul_58_40/g3988      -              OAI22X4    0.000   2.529    2.567  
      mul_58_40/g3988      A1 v -> Y ^    OAI22X4    0.086   2.615    2.653  
      mul_58_40/g3917      -              XNOR3X1    0.000   2.615    2.653  
      mul_58_40/g3917      B ^ -> Y v     XNOR3X1    0.281   2.896    2.934  
      mul_58_40/g3839      -              ADDFHX2    0.000   2.896    2.934  
      mul_58_40/g3839      B v -> CO v    ADDFHX2    0.196   3.092    3.130  
      mul_58_40/g3838      -              ADDFHX2    0.000   3.092    3.130  
      mul_58_40/g3838      CI v -> CO v   ADDFHX2    0.173   3.265    3.303  
      mul_58_40/g3837      -              CLKINVX3   0.000   3.265    3.303  
      mul_58_40/g3837      A v -> Y ^     CLKINVX3   0.040   3.305    3.343  
      mul_58_40/g3836      -              NOR2X2     0.000   3.305    3.343  
      mul_58_40/g3836      B ^ -> Y v     NOR2X2     0.035   3.340    3.378  
      mul_58_40/g3832      -              OAI2BB2X4  0.000   3.340    3.378  
      mul_58_40/g3832      B1 v -> Y ^    OAI2BB2X4  0.058   3.398    3.436  
      mul_58_40/g3828      -              OAI222X4   0.000   3.398    3.436  
      mul_58_40/g3828      B1 ^ -> Y v    OAI222X4   0.148   3.545    3.583  
      mul_58_40/g3826      -              ADDFHX1    0.000   3.545    3.583  
      mul_58_40/g3826      CI v -> CO v   ADDFHX1    0.194   3.740    3.778  
      mul_58_40/g3825      -              ADDFHX1    0.000   3.740    3.778  
      mul_58_40/g3825      CI v -> CO v   ADDFHX1    0.175   3.914    3.952  
      mul_58_40/g3824      -              ADDFHX1    0.000   3.914    3.952  
      mul_58_40/g3824      CI v -> CO v   ADDFHX1    0.175   4.089    4.127  
      mul_58_40/g3823      -              ADDFHX1    0.000   4.089    4.127  
      mul_58_40/g3823      CI v -> CO v   ADDFHX1    0.175   4.264    4.302  
      mul_58_40/g3822      -              ADDFHX1    0.000   4.264    4.302  
      mul_58_40/g3822      CI v -> CO v   ADDFHX1    0.168   4.432    4.470  
      mul_58_40/g4181      -              XOR3XL     0.000   4.432    4.470  
      mul_58_40/g4181      C v -> Y ^     XOR3XL     0.158   4.590    4.628  
      mult_result_reg[15]  -              SDFFRHQX2  0.000   4.590    4.628  
      ------------------------------------------------------------------------
Path 10: MET Setup Check with Pin mult_result_reg[15]/CK 
Endpoint:   mult_result_reg[15]/SI (^) checked with  leading edge of 'clk'
Beginpoint: coef_sel[1]            (v) triggered by  leading edge of 'clk'
Path Groups: {clk}
Retime Analysis { Data Path-Slew }
Other End Arrival Time          0.000
- Setup                         0.172
+ Phase Shift                   5.000
- Uncertainty                   0.200
= Required Time                 4.628
- Arrival Time                  4.582
= Slack Time                    0.046
= Slack Time(original)          0.021
     Clock Rise Edge                      0.000
     + Input Delay                        1.500
     = Beginpoint Arrival Time            1.500
      ------------------------------------------------------------------------
      Instance             Arc            Cell       Retime  Arrival  Required  
                                                     Delay   Time     Time  
      ------------------------------------------------------------------------
      -                    coef_sel[1] v  -          -       1.500    1.546  
      g737                 -              NAND2X8    0.000   1.500    1.546  
      g737                 B v -> Y ^     NAND2X8    0.025   1.525    1.571  
      g754                 -              NOR2BX4    0.000   1.525    1.571  
      g754                 B ^ -> Y v     NOR2BX4    0.031   1.556    1.602  
      g726                 -              AOI21X4    0.000   1.556    1.602  
      g726                 B0 v -> Y ^    AOI21X4    0.039   1.595    1.641  
      g711                 -              NAND2X4    0.000   1.595    1.641  
      g711                 B ^ -> Y v     NAND2X4    0.160   1.755    1.801  
      mul_58_40/g4158      -              CLKINVX2   0.000   1.755    1.801  
      mul_58_40/g4158      A v -> Y ^     CLKINVX2   0.241   1.996    2.042  
      mul_58_40/g4201      -              CLKMX2X12  0.000   1.996    2.042  
      mul_58_40/g4201      A ^ -> Y ^     CLKMX2X12  0.420   2.416    2.462  
      mul_58_40/g4040      -              NAND2X8    0.000   2.416    2.462  
      mul_58_40/g4040      B ^ -> Y v     NAND2X8    0.105   2.521    2.567  
      mul_58_40/g3988      -              OAI22X4    0.000   2.521    2.567  
      mul_58_40/g3988      A1 v -> Y ^    OAI22X4    0.086   2.607    2.653  
      mul_58_40/g3917      -              XNOR3X1    0.000   2.607    2.653  
      mul_58_40/g3917      B ^ -> Y v     XNOR3X1    0.281   2.888    2.934  
      mul_58_40/g3839      -              ADDFHX2    0.000   2.888    2.934  
      mul_58_40/g3839      B v -> CO v    ADDFHX2    0.196   3.084    3.130  
      mul_58_40/g3838      -              ADDFHX2    0.000   3.084    3.130  
      mul_58_40/g3838      CI v -> CO v   ADDFHX2    0.173   3.257    3.303  
      mul_58_40/g3837      -              CLKINVX3   0.000   3.257    3.303  
      mul_58_40/g3837      A v -> Y ^     CLKINVX3   0.040   3.297    3.343  
      mul_58_40/g3836      -              NOR2X2     0.000   3.297    3.343  
      mul_58_40/g3836      B ^ -> Y v     NOR2X2     0.035   3.332    3.378  
      mul_58_40/g3832      -              OAI2BB2X4  0.000   3.332    3.378  
      mul_58_40/g3832      B1 v -> Y ^    OAI2BB2X4  0.058   3.390    3.436  
      mul_58_40/g3828      -              OAI222X4   0.000   3.390    3.436  
      mul_58_40/g3828      B1 ^ -> Y v    OAI222X4   0.148   3.537    3.583  
      mul_58_40/g3826      -              ADDFHX1    0.000   3.537    3.583  
      mul_58_40/g3826      CI v -> CO v   ADDFHX1    0.194   3.732    3.778  
      mul_58_40/g3825      -              ADDFHX1    0.000   3.732    3.778  
      mul_58_40/g3825      CI v -> CO v   ADDFHX1    0.175   3.906    3.952  
      mul_58_40/g3824      -              ADDFHX1    0.000   3.906    3.952  
      mul_58_40/g3824      CI v -> CO v   ADDFHX1    0.175   4.081    4.127  
      mul_58_40/g3823      -              ADDFHX1    0.000   4.081    4.127  
      mul_58_40/g3823      CI v -> CO v   ADDFHX1    0.175   4.256    4.302  
      mul_58_40/g3822      -              ADDFHX1    0.000   4.256    4.302  
      mul_58_40/g3822      CI v -> CO v   ADDFHX1    0.168   4.424    4.470  
      mul_58_40/g4181      -              XOR3XL     0.000   4.424    4.470  
      mul_58_40/g4181      C v -> Y ^     XOR3XL     0.158   4.582    4.628  
      mult_result_reg[15]  -              SDFFRHQX2  0.000   4.582    4.628  
      ------------------------------------------------------------------------

