###############################################################
#  Generated by:      Cadence Tempus 20.10-p003_1
#  OS:                Linux x86_64(Host ID edatools-server1.iiitd.edu.in)
#  Generated on:      Tue Sep 15 16:41:57 2026
#  Design:            simple_mac
#  Command:           report_constraints -all_violators >> ../sta_report/violators.rpt
###############################################################
# format : frame 0 : split 1

max_delay/setup
---------------------------
      ------------------------------------------------------------------------------------------------  
       End Point                                  Slack      Cause                                      
      ------------------------------------------------------------------------------------------------  
      mult_result_reg[15]/SI r                   -0.001     VIOLATED
      ------------------------------------------------------------------------------------------------

min_delay/hold
---------------------------
      ------------------------------------------------------------------------------------------------  
       End Point                                  Slack      Cause                                      
      ------------------------------------------------------------------------------------------------  
      state_reg[0]/D f                           -0.179     VIOLATED
      busy_reg/D f                               -0.173     VIOLATED
      acc_out_reg[8]/D f                         -0.170     VIOLATED
      acc_out_reg[7]/D f                         -0.170     VIOLATED
      acc_out_reg[5]/D f                         -0.170     VIOLATED
      acc_out_reg[14]/D f                        -0.170     VIOLATED
      acc_out_reg[15]/D f                        -0.170     VIOLATED
      acc_out_reg[13]/D f                        -0.170     VIOLATED
      acc_out_reg[10]/D f                        -0.170     VIOLATED
      acc_out_reg[12]/D f                        -0.170     VIOLATED
      acc_out_reg[11]/D f                        -0.170     VIOLATED
      acc_out_reg[9]/D f                         -0.170     VIOLATED
      acc_out_reg[4]/D f                         -0.170     VIOLATED
      acc_out_reg[6]/D f                         -0.169     VIOLATED
      coef_reg[3][3]/SI f                        -0.168     VIOLATED
      coef_reg[3][2]/SI f                        -0.168     VIOLATED
      coef_reg[3][1]/SI f                        -0.168     VIOLATED
      mult_result_reg[0]/SI f                    -0.166     VIOLATED
      acc_out_reg[2]/D f                         -0.165     VIOLATED
      acc_out_reg[1]/D f                         -0.165     VIOLATED
      acc_out_reg[0]/D f                         -0.165     VIOLATED
      acc_out_reg[3]/D f                         -0.165     VIOLATED
      done_reg/D f                               -0.165     VIOLATED
      mult_result_reg[6]/SI f                    -0.164     VIOLATED
      mult_result_reg[5]/SI f                    -0.164     VIOLATED
      mult_result_reg[4]/SI f                    -0.164     VIOLATED
      mult_result_reg[3]/SI f                    -0.164     VIOLATED
      mult_result_reg[2]/SI f                    -0.164     VIOLATED
      mult_result_reg[1]/SI f                    -0.164     VIOLATED
      coef_reg[2][6]/SI f                        -0.164     VIOLATED
      coef_reg[2][4]/SI f                        -0.164     VIOLATED
      coef_reg[2][3]/SI f                        -0.164     VIOLATED
      coef_reg[2][2]/SI f                        -0.164     VIOLATED
      coef_reg[2][1]/SI f                        -0.164     VIOLATED
      coef_reg[2][0]/SI f                        -0.164     VIOLATED
      coef_reg[0][6]/SI f                        -0.164     VIOLATED
      coef_reg[0][4]/SI f                        -0.164     VIOLATED
      coef_reg[0][3]/SI f                        -0.164     VIOLATED
      coef_reg[0][2]/SI f                        -0.164     VIOLATED
      coef_reg[0][1]/SI f                        -0.164     VIOLATED
      coef_reg[0][0]/SI f                        -0.164     VIOLATED
      coef_reg[3][6]/SI f                        -0.164     VIOLATED
      coef_reg[3][4]/SI f                        -0.164     VIOLATED
      coef_reg[3][0]/SI f                        -0.164     VIOLATED
      coef_reg[1][6]/SI f                        -0.164     VIOLATED
      coef_reg[1][4]/SI f                        -0.164     VIOLATED
      coef_reg[1][3]/SI f                        -0.164     VIOLATED
      coef_reg[1][2]/SI f                        -0.164     VIOLATED
      coef_reg[1][1]/SI f                        -0.164     VIOLATED
      coef_reg[1][0]/SI f                        -0.164     VIOLATED
      mult_result_reg[8]/SI f                    -0.160     VIOLATED
      mult_result_reg[7]/SI f                    -0.158     VIOLATED
      mult_result_reg[15]/D f                    -0.156     VIOLATED
      mult_result_reg[14]/D f                    -0.150     VIOLATED
      mult_result_reg[13]/D f                    -0.150     VIOLATED
      mult_result_reg[12]/D f                    -0.150     VIOLATED
      mult_result_reg[11]/D f                    -0.150     VIOLATED
      mult_result_reg[10]/D f                    -0.150     VIOLATED
      mult_result_reg[9]/D f                     -0.147     VIOLATED
      coef_reg[0][5]/SI f                        -0.139     VIOLATED
      coef_reg[3][5]/SI f                        -0.139     VIOLATED
      coef_reg[1][7]/SI f                        -0.139     VIOLATED
      coef_reg[3][7]/SI f                        -0.139     VIOLATED
      coef_reg[0][7]/SI f                        -0.139     VIOLATED
      coef_reg[1][5]/SI f                        -0.139     VIOLATED
      coef_reg[2][7]/SI f                        -0.139     VIOLATED
      coef_reg[2][5]/SI f                        -0.139     VIOLATED
      mult_result_reg[8]/SE f                    -0.135     VIOLATED
      mult_result_reg[7]/SE f                    -0.135     VIOLATED
      mult_result_reg[6]/SE f                    -0.135     VIOLATED
      mult_result_reg[5]/SE f                    -0.135     VIOLATED
      mult_result_reg[4]/SE f                    -0.135     VIOLATED
      mult_result_reg[3]/SE f                    -0.135     VIOLATED
      mult_result_reg[2]/SE f                    -0.135     VIOLATED
      mult_result_reg[1]/SE f                    -0.135     VIOLATED
      mult_result_reg[0]/SE f                    -0.135     VIOLATED
      mult_result_reg[15]/SE f                   -0.128     VIOLATED
      mult_result_reg[14]/SE f                   -0.128     VIOLATED
      mult_result_reg[13]/SE f                   -0.128     VIOLATED
      mult_result_reg[12]/SE f                   -0.128     VIOLATED
      mult_result_reg[11]/SE f                   -0.128     VIOLATED
      mult_result_reg[10]/SE f                   -0.128     VIOLATED
      mult_result_reg[9]/SE f                    -0.128     VIOLATED
      mult_result_reg[0]/D f                     -0.077     VIOLATED
      mult_result_reg[1]/D f                     -0.038     VIOLATED
      mult_result_reg[2]/D f                     -0.025     VIOLATED
      ------------------------------------------------------------------------------------------------

Check type : clock_period
---------------------------
No paths found

Check type : skew
---------------------------
No paths found

Check type : pulse_width
---------------------------
 No violating Checks with given description found

Check type : max_transition
---------------------------
 No Violations found

Check type : min_transition
---------------------------
 No Violations found

Check type : max_capacitance
---------------------------
 No Violations found

Check type : min_capacitance
---------------------------
 No Violations found

Check type : max_fanout
---------------------------
 No Violations found

Check type : min_fanout
---------------------------
 No Violations found
