Metal1		NET		1		0
Metal1		SPNET		2		0
Metal1		PIN		3		0
Metal1		LEFPIN		4		0
Metal1		FILL		5		0
Metal1		FILLOPC		6		0
Metal1		VIA		7		0
Metal1		VIAFILL		8		0
Metal1		VIAFILLOPC		9		0
Metal1		LEFOBS		10		0
NAME		Metal1/NET		11		0
NAME		Metal1/SPNET		12		0
NAME		Metal1/PIN		13		0
NAME		Metal1/LEFPIN		14		0
Via1		PIN		15		0
Via1		LEFPIN		16		0
Via1		FILL		17		0
Via1		FILLOPC		18		0
Via1		VIA		19		0
Via1		VIAFILL		20		0
Via1		VIAFILLOPC		21		0
Metal2		NET		22		0
Metal2		SPNET		23		0
Metal2		PIN		24		0
Metal2		LEFPIN		25		0
Metal2		FILL		26		0
Metal2		FILLOPC		27		0
Metal2		VIA		28		0
Metal2		VIAFILL		29		0
Metal2		VIAFILLOPC		30		0
Metal2		LEFOBS		31		0
NAME		Metal2/NET		32		0
NAME		Metal2/SPNET		33		0
NAME		Metal2/PIN		34		0
NAME		Metal2/LEFPIN		35		0
Via2		PIN		36		0
Via2		LEFPIN		37		0
Via2		FILL		38		0
Via2		FILLOPC		39		0
Via2		VIA		40		0
Via2		VIAFILL		41		0
Via2		VIAFILLOPC		42		0
Metal3		NET		43		0
Metal3		SPNET		44		0
Metal3		PIN		45		0
Metal3		LEFPIN		46		0
Metal3		FILL		47		0
Metal3		FILLOPC		48		0
Metal3		VIA		49		0
Metal3		VIAFILL		50		0
Metal3		VIAFILLOPC		51		0
Metal3		LEFOBS		52		0
NAME		Metal3/NET		53		0
NAME		Metal3/SPNET		54		0
NAME		Metal3/PIN		55		0
NAME		Metal3/LEFPIN		56		0
Via3		PIN		57		0
Via3		LEFPIN		58		0
Via3		FILL		59		0
Via3		FILLOPC		60		0
Via3		VIA		61		0
Via3		VIAFILL		62		0
Via3		VIAFILLOPC		63		0
Metal4		NET		64		0
Metal4		SPNET		65		0
Metal4		PIN		66		0
Metal4		LEFPIN		67		0
Metal4		FILL		68		0
Metal4		FILLOPC		69		0
Metal4		VIA		70		0
Metal4		VIAFILL		71		0
Metal4		VIAFILLOPC		72		0
Metal4		LEFOBS		73		0
NAME		Metal4/NET		74		0
NAME		Metal4/SPNET		75		0
NAME		Metal4/PIN		76		0
NAME		Metal4/LEFPIN		77		0
Via4		PIN		78		0
Via4		LEFPIN		79		0
Via4		FILL		80		0
Via4		FILLOPC		81		0
Via4		VIA		82		0
Via4		VIAFILL		83		0
Via4		VIAFILLOPC		84		0
Metal5		NET		85		0
Metal5		SPNET		86		0
Metal5		PIN		87		0
Metal5		LEFPIN		88		0
Metal5		FILL		89		0
Metal5		FILLOPC		90		0
Metal5		VIA		91		0
Metal5		VIAFILL		92		0
Metal5		VIAFILLOPC		93		0
Metal5		LEFOBS		94		0
NAME		Metal5/NET		95		0
NAME		Metal5/SPNET		96		0
NAME		Metal5/PIN		97		0
NAME		Metal5/LEFPIN		98		0
Via5		PIN		99		0
Via5		LEFPIN		100		0
Via5		FILL		101		0
Via5		FILLOPC		102		0
Via5		VIA		103		0
Via5		VIAFILL		104		0
Via5		VIAFILLOPC		105		0
Metal6		NET		106		0
Metal6		SPNET		107		0
Metal6		PIN		108		0
Metal6		LEFPIN		109		0
Metal6		FILL		110		0
Metal6		FILLOPC		111		0
Metal6		VIA		112		0
Metal6		VIAFILL		113		0
Metal6		VIAFILLOPC		114		0
Metal6		LEFOBS		115		0
NAME		Metal6/NET		116		0
NAME		Metal6/SPNET		117		0
NAME		Metal6/PIN		118		0
NAME		Metal6/LEFPIN		119		0
Via6		PIN		120		0
Via6		LEFPIN		121		0
Via6		FILL		122		0
Via6		FILLOPC		123		0
Via6		VIA		124		0
Via6		VIAFILL		125		0
Via6		VIAFILLOPC		126		0
Metal7		NET		127		0
Metal7		SPNET		128		0
Metal7		PIN		129		0
Metal7		LEFPIN		130		0
Metal7		FILL		131		0
Metal7		FILLOPC		132		0
Metal7		VIA		133		0
Metal7		VIAFILL		134		0
Metal7		VIAFILLOPC		135		0
Metal7		LEFOBS		136		0
NAME		Metal7/NET		137		0
NAME		Metal7/SPNET		138		0
NAME		Metal7/PIN		139		0
NAME		Metal7/LEFPIN		140		0
Via7		PIN		141		0
Via7		LEFPIN		142		0
Via7		FILL		143		0
Via7		FILLOPC		144		0
Via7		VIA		145		0
Via7		VIAFILL		146		0
Via7		VIAFILLOPC		147		0
Metal8		NET		148		0
Metal8		SPNET		149		0
Metal8		PIN		150		0
Metal8		LEFPIN		151		0
Metal8		FILL		152		0
Metal8		FILLOPC		153		0
Metal8		VIA		154		0
Metal8		VIAFILL		155		0
Metal8		VIAFILLOPC		156		0
Metal8		LEFOBS		157		0
NAME		Metal8/NET		158		0
NAME		Metal8/SPNET		159		0
NAME		Metal8/PIN		160		0
NAME		Metal8/LEFPIN		161		0
Via8		PIN		162		0
Via8		LEFPIN		163		0
Via8		FILL		164		0
Via8		FILLOPC		165		0
Via8		VIA		166		0
Via8		VIAFILL		167		0
Via8		VIAFILLOPC		168		0
Metal9		NET		169		0
Metal9		SPNET		170		0
Metal9		PIN		171		0
Metal9		LEFPIN		172		0
Metal9		FILL		173		0
Metal9		FILLOPC		174		0
Metal9		VIA		175		0
Metal9		VIAFILL		176		0
Metal9		VIAFILLOPC		177		0
Metal9		LEFOBS		178		0
NAME		Metal9/NET		179		0
NAME		Metal9/SPNET		180		0
NAME		Metal9/PIN		181		0
NAME		Metal9/LEFPIN		182		0
NAME		COMP		183		0
COMP		ALL		184		0
DIEAREA		ALL		185		0
